<html>
<body>
<pre>
<h1>µVision Build Log</h1>
<h2>Tool Versions:</h2>
IDE-Version: µVision V5.38.0.0
Copyright (C) 2022 ARM Ltd and ARM Germany GmbH. All rights reserved.
License Information: eweqrqw qwer, qwerqwer, LIC=----
 
Tool Versions:
Toolchain:       MDK-Lite  Version: 5.38.0.0
Toolchain Path:  C:\Keil_v5\ARM\ARMCLANG\Bin
C Compiler:      ArmClang.exe V6.19
Assembler:       Armasm.exe V6.19
Linker/Locator:  ArmLink.exe V6.19
Library Manager: ArmAr.exe V6.19
Hex Converter:   FromElf.exe V6.19
CPU DLL:         
Dialog DLL:      
Target DLL:      CMSIS_AGDI_V8M.DLL V1.7.20.0
Dialog DLL:      TCM.DLL V1.56.4.0
 
<h2>Project:</h2>
C:\ELI\ezh\MCX\320_240_whole_buf\320_240_whole_buf\mcxn_ezh_camera_code_lib.uvprojx
Project File Date:  04/08/2024

<h2>Output:</h2>
*** Using Compiler 'V6.19', folder: 'C:\Keil_v5\ARM\ARMCLANG\Bin'
Rebuild target 'mcxn_ezh_camera_code_lib debug'
compiling ezh_camera.c...
compiling system_MCXN947_cm33_core0.c...
assembling startup_MCXN947_cm33_core0.S...
linking...
debug\mcxn_ezh_camera_code_lib.out: Warning: L6969W: Changing AT Section .ARM.__at_0x04000000 type from RW to RO in ER_m_ezh.
Program Size: Code=4008 RO-data=736 RW-data=0 ZI-data=2048  
Finished: 0 information, 1 warning and 0 error messages.
FromELF: creating hex file...
"debug\mcxn_ezh_camera_code_lib.out" - 0 Error(s), 1 Warning(s).

<h2>Software Packages used:</h2>

<h2>Collection of Component include folders:</h2>

<h2>Collection of Component Files used:</h2>
Build Time Elapsed:  00:00:01
</pre>
</body>
</html>
