<!doctype html public "-//w3c//dtd html 4.0 transitional//en">
<html><head>
<title>Static Call Graph - [debug\mcxn_ezh_camera_code_lib.out]</title></head>
<body><HR>
<H1>Static Call Graph for image debug\mcxn_ezh_camera_code_lib.out</H1><HR>
<BR><P>#&#060CALLGRAPH&#062# ARM Linker, 6190004: Last Updated: Sat Jun 29 07:44:28 2024
<BR><P>
<H3>Maximum Stack Usage =          0 bytes + Unknown(Functions without stacksize, Cycles, Untraceable Function Pointers)</H3><H3>
Call chain for Maximum Stack Depth:</H3>

<P>
<H3>
Functions with no stack information
</H3><UL>
 <LI><a href="#[0]">Reset_Handler</a>
 <LI><a href="#[d7]">ADC0_DriverIRQHandler</a>
 <LI><a href="#[d8]">ADC1_DriverIRQHandler</a>
 <LI><a href="#[12f]">BSP32_DriverIRQHandler</a>
 <LI><a href="#[4]">BusFault_Handler</a>
 <LI><a href="#[e8]">CAN0_DriverIRQHandler</a>
 <LI><a href="#[e9]">CAN1_DriverIRQHandler</a>
 <LI><a href="#[107]">CDOG0_DriverIRQHandler</a>
 <LI><a href="#[108]">CDOG1_DriverIRQHandler</a>
 <LI><a href="#[144]">CMC0_DriverIRQHandler</a>
 <LI><a href="#[145]">CTI0_DriverIRQHandler</a>
 <LI><a href="#[c9]">CTIMER0_DriverIRQHandler</a>
 <LI><a href="#[ca]">CTIMER1_DriverIRQHandler</a>
 <LI><a href="#[cc]">CTIMER2_DriverIRQHandler</a>
 <LI><a href="#[e1]">CTIMER3_DriverIRQHandler</a>
 <LI><a href="#[e2]">CTIMER4_DriverIRQHandler</a>
 <LI><a href="#[114]">DAC0_DriverIRQHandler</a>
 <LI><a href="#[115]">DAC1_DriverIRQHandler</a>
 <LI><a href="#[116]">DAC2_DriverIRQHandler</a>
 <LI><a href="#[8]">DebugMon_Handler</a>
 <LI><a href="#[146]">DefaultISR</a>
 <LI><a href="#[ab]">EDMA_0_CH0_DriverIRQHandler</a>
 <LI><a href="#[b5]">EDMA_0_CH10_DriverIRQHandler</a>
 <LI><a href="#[b6]">EDMA_0_CH11_DriverIRQHandler</a>
 <LI><a href="#[b7]">EDMA_0_CH12_DriverIRQHandler</a>
 <LI><a href="#[b8]">EDMA_0_CH13_DriverIRQHandler</a>
 <LI><a href="#[b9]">EDMA_0_CH14_DriverIRQHandler</a>
 <LI><a href="#[ba]">EDMA_0_CH15_DriverIRQHandler</a>
 <LI><a href="#[ac]">EDMA_0_CH1_DriverIRQHandler</a>
 <LI><a href="#[ad]">EDMA_0_CH2_DriverIRQHandler</a>
 <LI><a href="#[ae]">EDMA_0_CH3_DriverIRQHandler</a>
 <LI><a href="#[af]">EDMA_0_CH4_DriverIRQHandler</a>
 <LI><a href="#[b0]">EDMA_0_CH5_DriverIRQHandler</a>
 <LI><a href="#[b1]">EDMA_0_CH6_DriverIRQHandler</a>
 <LI><a href="#[b2]">EDMA_0_CH7_DriverIRQHandler</a>
 <LI><a href="#[b3]">EDMA_0_CH8_DriverIRQHandler</a>
 <LI><a href="#[b4]">EDMA_0_CH9_DriverIRQHandler</a>
 <LI><a href="#[f7]">EDMA_1_CH0_DriverIRQHandler</a>
 <LI><a href="#[101]">EDMA_1_CH10_DriverIRQHandler</a>
 <LI><a href="#[102]">EDMA_1_CH11_DriverIRQHandler</a>
 <LI><a href="#[103]">EDMA_1_CH12_DriverIRQHandler</a>
 <LI><a href="#[104]">EDMA_1_CH13_DriverIRQHandler</a>
 <LI><a href="#[105]">EDMA_1_CH14_DriverIRQHandler</a>
 <LI><a href="#[106]">EDMA_1_CH15_DriverIRQHandler</a>
 <LI><a href="#[f8]">EDMA_1_CH1_DriverIRQHandler</a>
 <LI><a href="#[f9]">EDMA_1_CH2_DriverIRQHandler</a>
 <LI><a href="#[fa]">EDMA_1_CH3_DriverIRQHandler</a>
 <LI><a href="#[fb]">EDMA_1_CH4_DriverIRQHandler</a>
 <LI><a href="#[fc]">EDMA_1_CH5_DriverIRQHandler</a>
 <LI><a href="#[fd]">EDMA_1_CH6_DriverIRQHandler</a>
 <LI><a href="#[fe]">EDMA_1_CH7_DriverIRQHandler</a>
 <LI><a href="#[ff]">EDMA_1_CH8_DriverIRQHandler</a>
 <LI><a href="#[100]">EDMA_1_CH9_DriverIRQHandler</a>
 <LI><a href="#[f3]">ELS_DriverIRQHandler</a>
 <LI><a href="#[130]">ELS_ERR_DriverIRQHandler</a>
 <LI><a href="#[111]">EMVSIM0_DriverIRQHandler</a>
 <LI><a href="#[112]">EMVSIM1_DriverIRQHandler</a>
 <LI><a href="#[126]">ENC0_COMPARE_DriverIRQHandler</a>
 <LI><a href="#[127]">ENC0_HOME_DriverIRQHandler</a>
 <LI><a href="#[129]">ENC0_IDX_DriverIRQHandler</a>
 <LI><a href="#[128]">ENC0_WDG_SAB_DriverIRQHandler</a>
 <LI><a href="#[12a]">ENC1_COMPARE_DriverIRQHandler</a>
 <LI><a href="#[12b]">ENC1_HOME_DriverIRQHandler</a>
 <LI><a href="#[12d]">ENC1_IDX_DriverIRQHandler</a>
 <LI><a href="#[12c]">ENC1_WDG_SAB_DriverIRQHandler</a>
 <LI><a href="#[133]">ERM_MULTI_BIT_ERROR_DriverIRQHandler</a>
 <LI><a href="#[132]">ERM_SINGLE_BIT_ERROR_DriverIRQHandler</a>
 <LI><a href="#[13f]">ETB0_DriverIRQHandler</a>
 <LI><a href="#[135]">ETHERNET_DriverIRQHandler</a>
 <LI><a href="#[137]">ETHERNET_MACLP_DriverIRQHandler</a>
 <LI><a href="#[136]">ETHERNET_PMT_DriverIRQHandler</a>
 <LI><a href="#[10e]">EWM0_DriverIRQHandler</a>
 <LI><a href="#[113]">FLEXIO_DriverIRQHandler</a>
 <LI><a href="#[11b]">FLEXPWM0_FAULT_DriverIRQHandler</a>
 <LI><a href="#[11a]">FLEXPWM0_RELOAD_ERROR_DriverIRQHandler</a>
 <LI><a href="#[11c]">FLEXPWM0_SUBMODULE0_DriverIRQHandler</a>
 <LI><a href="#[11d]">FLEXPWM0_SUBMODULE1_DriverIRQHandler</a>
 <LI><a href="#[11e]">FLEXPWM0_SUBMODULE2_DriverIRQHandler</a>
 <LI><a href="#[11f]">FLEXPWM0_SUBMODULE3_DriverIRQHandler</a>
 <LI><a href="#[121]">FLEXPWM1_FAULT_DriverIRQHandler</a>
 <LI><a href="#[120]">FLEXPWM1_RELOAD_ERROR_DriverIRQHandler</a>
 <LI><a href="#[122]">FLEXPWM1_SUBMODULE0_DriverIRQHandler</a>
 <LI><a href="#[123]">FLEXPWM1_SUBMODULE1_DriverIRQHandler</a>
 <LI><a href="#[124]">FLEXPWM1_SUBMODULE2_DriverIRQHandler</a>
 <LI><a href="#[125]">FLEXPWM1_SUBMODULE3_DriverIRQHandler</a>
 <LI><a href="#[e4]">FLEXSPI0_DriverIRQHandler</a>
 <LI><a href="#[134]">FMU0_DriverIRQHandler</a>
 <LI><a href="#[f1]">Freqme_DriverIRQHandler</a>
 <LI><a href="#[10c]">GDET_DriverIRQHandler</a>
 <LI><a href="#[bb]">GPIO00_DriverIRQHandler</a>
 <LI><a href="#[bc]">GPIO01_DriverIRQHandler</a>
 <LI><a href="#[bd]">GPIO10_DriverIRQHandler</a>
 <LI><a href="#[be]">GPIO11_DriverIRQHandler</a>
 <LI><a href="#[bf]">GPIO20_DriverIRQHandler</a>
 <LI><a href="#[c0]">GPIO21_DriverIRQHandler</a>
 <LI><a href="#[c1]">GPIO30_DriverIRQHandler</a>
 <LI><a href="#[c2]">GPIO31_DriverIRQHandler</a>
 <LI><a href="#[c3]">GPIO40_DriverIRQHandler</a>
 <LI><a href="#[c4]">GPIO41_DriverIRQHandler</a>
 <LI><a href="#[c5]">GPIO50_DriverIRQHandler</a>
 <LI><a href="#[c6]">GPIO51_DriverIRQHandler</a>
 <LI><a href="#[117]">HSCMP0_DriverIRQHandler</a>
 <LI><a href="#[118]">HSCMP1_DriverIRQHandler</a>
 <LI><a href="#[119]">HSCMP2_DriverIRQHandler</a>
 <LI><a href="#[109]">I3C0_DriverIRQHandler</a>
 <LI><a href="#[10a]">I3C1_DriverIRQHandler</a>
 <LI><a href="#[12e]">ITRC0_DriverIRQHandler</a>
 <LI><a href="#[139]">LPTMR0_DriverIRQHandler</a>
 <LI><a href="#[13a]">LPTMR1_DriverIRQHandler</a>
 <LI><a href="#[cd]">LP_FLEXCOMM0_DriverIRQHandler</a>
 <LI><a href="#[ce]">LP_FLEXCOMM1_DriverIRQHandler</a>
 <LI><a href="#[cf]">LP_FLEXCOMM2_DriverIRQHandler</a>
 <LI><a href="#[d0]">LP_FLEXCOMM3_DriverIRQHandler</a>
 <LI><a href="#[d1]">LP_FLEXCOMM4_DriverIRQHandler</a>
 <LI><a href="#[d2]">LP_FLEXCOMM5_DriverIRQHandler</a>
 <LI><a href="#[d3]">LP_FLEXCOMM6_DriverIRQHandler</a>
 <LI><a href="#[d4]">LP_FLEXCOMM7_DriverIRQHandler</a>
 <LI><a href="#[d5]">LP_FLEXCOMM8_DriverIRQHandler</a>
 <LI><a href="#[d6]">LP_FLEXCOMM9_DriverIRQHandler</a>
 <LI><a href="#[e0]">MAILBOX_DriverIRQHandler</a>
 <LI><a href="#[c8]">MRT0_DriverIRQHandler</a>
 <LI><a href="#[3]">MemManage_Handler</a>
 <LI><a href="#[10b]">NPU_DriverIRQHandler</a>
 <LI><a href="#[aa]">OR_DriverIRQHandler</a>
 <LI><a href="#[e3]">OS_EVENT_DriverIRQHandler</a>
 <LI><a href="#[da]">PDM_EVENT_DriverIRQHandler</a>
 <LI><a href="#[d9]">PINT0_DriverIRQHandler</a>
 <LI><a href="#[f4]">PKC_DriverIRQHandler</a>
 <LI><a href="#[131]">PKC_ERR_DriverIRQHandler</a>
 <LI><a href="#[f0]">PLU_DriverIRQHandler</a>
 <LI><a href="#[13e]">PORT_EFT_DriverIRQHandler</a>
 <LI><a href="#[f6]">PQ_DriverIRQHandler</a>
 <LI><a href="#[f5]">PUF_DriverIRQHandler</a>
 <LI><a href="#[de]">RTC_DriverIRQHandler</a>
 <LI><a href="#[db]">Reserved65_DriverIRQHandler</a>
 <LI><a href="#[ea]">Reserved80_DriverIRQHandler</a>
 <LI><a href="#[eb]">Reserved81_DriverIRQHandler</a>
 <LI><a href="#[ef]">Reserved85_DriverIRQHandler</a>
 <LI><a href="#[e5]">SAI0_DriverIRQHandler</a>
 <LI><a href="#[e6]">SAI1_DriverIRQHandler</a>
 <LI><a href="#[13b]">SCG_DriverIRQHandler</a>
 <LI><a href="#[cb]">SCT0_DriverIRQHandler</a>
 <LI><a href="#[ee]">SEC_HYPERVISOR_CALL_DriverIRQHandler</a>
 <LI><a href="#[f2]">SEC_VIO_DriverIRQHandler</a>
 <LI><a href="#[138]">SINC_FILTER_DriverIRQHandler</a>
 <LI><a href="#[140]">SM3_DriverIRQHandler</a>
 <LI><a href="#[df]">SMARTDMA_DriverIRQHandler</a>
 <LI><a href="#[13c]">SPC_DriverIRQHandler</a>
 <LI><a href="#[6]">SecureFault_Handler</a>
 <LI><a href="#[141]">TRNG0_DriverIRQHandler</a>
 <LI><a href="#[10f]">TSI_END_OF_SCAN_DriverIRQHandler</a>
 <LI><a href="#[110]">TSI_OUT_OF_SCAN_DriverIRQHandler</a>
 <LI><a href="#[dd]">USB0_DCD_DriverIRQHandler</a>
 <LI><a href="#[dc]">USB0_FS_DriverIRQHandler</a>
 <LI><a href="#[ed]">USB1_HS_DriverIRQHandler</a>
 <LI><a href="#[ec]">USB1_HS_PHY_DriverIRQHandler</a>
 <LI><a href="#[e7]">USDHC0_DriverIRQHandler</a>
 <LI><a href="#[c7]">UTICK0_DriverIRQHandler</a>
 <LI><a href="#[5]">UsageFault_Handler</a>
 <LI><a href="#[10d]">VBAT0_DriverIRQHandler</a>
 <LI><a href="#[13d]">WUU_DriverIRQHandler</a>
 <LI><a href="#[142]">WWDT0_DriverIRQHandler</a>
 <LI><a href="#[143]">WWDT1_DriverIRQHandler</a>
 <LI><a href="#[1]">NMI_Handler</a>
 <LI><a href="#[2]">HardFault_Handler</a>
 <LI><a href="#[7]">SVC_Handler</a>
 <LI><a href="#[9]">PendSV_Handler</a>
 <LI><a href="#[a]">SysTick_Handler</a>
 <LI><a href="#[b]">OR_IRQHandler</a>
 <LI><a href="#[c]">EDMA_0_CH0_IRQHandler</a>
 <LI><a href="#[d]">EDMA_0_CH1_IRQHandler</a>
 <LI><a href="#[e]">EDMA_0_CH2_IRQHandler</a>
 <LI><a href="#[f]">EDMA_0_CH3_IRQHandler</a>
 <LI><a href="#[10]">EDMA_0_CH4_IRQHandler</a>
 <LI><a href="#[11]">EDMA_0_CH5_IRQHandler</a>
 <LI><a href="#[12]">EDMA_0_CH6_IRQHandler</a>
 <LI><a href="#[13]">EDMA_0_CH7_IRQHandler</a>
 <LI><a href="#[14]">EDMA_0_CH8_IRQHandler</a>
 <LI><a href="#[15]">EDMA_0_CH9_IRQHandler</a>
 <LI><a href="#[16]">EDMA_0_CH10_IRQHandler</a>
 <LI><a href="#[17]">EDMA_0_CH11_IRQHandler</a>
 <LI><a href="#[18]">EDMA_0_CH12_IRQHandler</a>
 <LI><a href="#[19]">EDMA_0_CH13_IRQHandler</a>
 <LI><a href="#[1a]">EDMA_0_CH14_IRQHandler</a>
 <LI><a href="#[1b]">EDMA_0_CH15_IRQHandler</a>
 <LI><a href="#[1c]">GPIO00_IRQHandler</a>
 <LI><a href="#[1d]">GPIO01_IRQHandler</a>
 <LI><a href="#[1e]">GPIO10_IRQHandler</a>
 <LI><a href="#[1f]">GPIO11_IRQHandler</a>
 <LI><a href="#[20]">GPIO20_IRQHandler</a>
 <LI><a href="#[21]">GPIO21_IRQHandler</a>
 <LI><a href="#[22]">GPIO30_IRQHandler</a>
 <LI><a href="#[23]">GPIO31_IRQHandler</a>
 <LI><a href="#[24]">GPIO40_IRQHandler</a>
 <LI><a href="#[25]">GPIO41_IRQHandler</a>
 <LI><a href="#[26]">GPIO50_IRQHandler</a>
 <LI><a href="#[27]">GPIO51_IRQHandler</a>
 <LI><a href="#[28]">UTICK0_IRQHandler</a>
 <LI><a href="#[29]">MRT0_IRQHandler</a>
 <LI><a href="#[2a]">CTIMER0_IRQHandler</a>
 <LI><a href="#[2b]">CTIMER1_IRQHandler</a>
 <LI><a href="#[2c]">SCT0_IRQHandler</a>
 <LI><a href="#[2d]">CTIMER2_IRQHandler</a>
 <LI><a href="#[2e]">LP_FLEXCOMM0_IRQHandler</a>
 <LI><a href="#[2f]">LP_FLEXCOMM1_IRQHandler</a>
 <LI><a href="#[30]">LP_FLEXCOMM2_IRQHandler</a>
 <LI><a href="#[31]">LP_FLEXCOMM3_IRQHandler</a>
 <LI><a href="#[32]">LP_FLEXCOMM4_IRQHandler</a>
 <LI><a href="#[33]">LP_FLEXCOMM5_IRQHandler</a>
 <LI><a href="#[34]">LP_FLEXCOMM6_IRQHandler</a>
 <LI><a href="#[35]">LP_FLEXCOMM7_IRQHandler</a>
 <LI><a href="#[36]">LP_FLEXCOMM8_IRQHandler</a>
 <LI><a href="#[37]">LP_FLEXCOMM9_IRQHandler</a>
 <LI><a href="#[38]">ADC0_IRQHandler</a>
 <LI><a href="#[39]">ADC1_IRQHandler</a>
 <LI><a href="#[3a]">PINT0_IRQHandler</a>
 <LI><a href="#[3b]">PDM_EVENT_IRQHandler</a>
 <LI><a href="#[3c]">Reserved65_IRQHandler</a>
 <LI><a href="#[3d]">USB0_FS_IRQHandler</a>
 <LI><a href="#[3e]">USB0_DCD_IRQHandler</a>
 <LI><a href="#[3f]">RTC_IRQHandler</a>
 <LI><a href="#[40]">SMARTDMA_IRQHandler</a>
 <LI><a href="#[41]">MAILBOX_IRQHandler</a>
 <LI><a href="#[42]">CTIMER3_IRQHandler</a>
 <LI><a href="#[43]">CTIMER4_IRQHandler</a>
 <LI><a href="#[44]">OS_EVENT_IRQHandler</a>
 <LI><a href="#[45]">FLEXSPI0_IRQHandler</a>
 <LI><a href="#[46]">SAI0_IRQHandler</a>
 <LI><a href="#[47]">SAI1_IRQHandler</a>
 <LI><a href="#[48]">USDHC0_IRQHandler</a>
 <LI><a href="#[49]">CAN0_IRQHandler</a>
 <LI><a href="#[4a]">CAN1_IRQHandler</a>
 <LI><a href="#[4b]">Reserved80_IRQHandler</a>
 <LI><a href="#[4c]">Reserved81_IRQHandler</a>
 <LI><a href="#[4d]">USB1_HS_PHY_IRQHandler</a>
 <LI><a href="#[4e]">USB1_HS_IRQHandler</a>
 <LI><a href="#[4f]">SEC_HYPERVISOR_CALL_IRQHandler</a>
 <LI><a href="#[50]">Reserved85_IRQHandler</a>
 <LI><a href="#[51]">PLU_IRQHandler</a>
 <LI><a href="#[52]">Freqme_IRQHandler</a>
 <LI><a href="#[53]">SEC_VIO_IRQHandler</a>
 <LI><a href="#[54]">ELS_IRQHandler</a>
 <LI><a href="#[55]">PKC_IRQHandler</a>
 <LI><a href="#[56]">PUF_IRQHandler</a>
 <LI><a href="#[57]">PQ_IRQHandler</a>
 <LI><a href="#[58]">EDMA_1_CH0_IRQHandler</a>
 <LI><a href="#[59]">EDMA_1_CH1_IRQHandler</a>
 <LI><a href="#[5a]">EDMA_1_CH2_IRQHandler</a>
 <LI><a href="#[5b]">EDMA_1_CH3_IRQHandler</a>
 <LI><a href="#[5c]">EDMA_1_CH4_IRQHandler</a>
 <LI><a href="#[5d]">EDMA_1_CH5_IRQHandler</a>
 <LI><a href="#[5e]">EDMA_1_CH6_IRQHandler</a>
 <LI><a href="#[5f]">EDMA_1_CH7_IRQHandler</a>
 <LI><a href="#[60]">EDMA_1_CH8_IRQHandler</a>
 <LI><a href="#[61]">EDMA_1_CH9_IRQHandler</a>
 <LI><a href="#[62]">EDMA_1_CH10_IRQHandler</a>
 <LI><a href="#[63]">EDMA_1_CH11_IRQHandler</a>
 <LI><a href="#[64]">EDMA_1_CH12_IRQHandler</a>
 <LI><a href="#[65]">EDMA_1_CH13_IRQHandler</a>
 <LI><a href="#[66]">EDMA_1_CH14_IRQHandler</a>
 <LI><a href="#[67]">EDMA_1_CH15_IRQHandler</a>
 <LI><a href="#[68]">CDOG0_IRQHandler</a>
 <LI><a href="#[69]">CDOG1_IRQHandler</a>
 <LI><a href="#[6a]">I3C0_IRQHandler</a>
 <LI><a href="#[6b]">I3C1_IRQHandler</a>
 <LI><a href="#[6c]">NPU_IRQHandler</a>
 <LI><a href="#[6d]">GDET_IRQHandler</a>
 <LI><a href="#[6e]">VBAT0_IRQHandler</a>
 <LI><a href="#[6f]">EWM0_IRQHandler</a>
 <LI><a href="#[70]">TSI_END_OF_SCAN_IRQHandler</a>
 <LI><a href="#[71]">TSI_OUT_OF_SCAN_IRQHandler</a>
 <LI><a href="#[72]">EMVSIM0_IRQHandler</a>
 <LI><a href="#[73]">EMVSIM1_IRQHandler</a>
 <LI><a href="#[74]">FLEXIO_IRQHandler</a>
 <LI><a href="#[75]">DAC0_IRQHandler</a>
 <LI><a href="#[76]">DAC1_IRQHandler</a>
 <LI><a href="#[77]">DAC2_IRQHandler</a>
 <LI><a href="#[78]">HSCMP0_IRQHandler</a>
 <LI><a href="#[79]">HSCMP1_IRQHandler</a>
 <LI><a href="#[7a]">HSCMP2_IRQHandler</a>
 <LI><a href="#[7b]">FLEXPWM0_RELOAD_ERROR_IRQHandler</a>
 <LI><a href="#[7c]">FLEXPWM0_FAULT_IRQHandler</a>
 <LI><a href="#[7d]">FLEXPWM0_SUBMODULE0_IRQHandler</a>
 <LI><a href="#[7e]">FLEXPWM0_SUBMODULE1_IRQHandler</a>
 <LI><a href="#[7f]">FLEXPWM0_SUBMODULE2_IRQHandler</a>
 <LI><a href="#[80]">FLEXPWM0_SUBMODULE3_IRQHandler</a>
 <LI><a href="#[81]">FLEXPWM1_RELOAD_ERROR_IRQHandler</a>
 <LI><a href="#[82]">FLEXPWM1_FAULT_IRQHandler</a>
 <LI><a href="#[83]">FLEXPWM1_SUBMODULE0_IRQHandler</a>
 <LI><a href="#[84]">FLEXPWM1_SUBMODULE1_IRQHandler</a>
 <LI><a href="#[85]">FLEXPWM1_SUBMODULE2_IRQHandler</a>
 <LI><a href="#[86]">FLEXPWM1_SUBMODULE3_IRQHandler</a>
 <LI><a href="#[87]">ENC0_COMPARE_IRQHandler</a>
 <LI><a href="#[88]">ENC0_HOME_IRQHandler</a>
 <LI><a href="#[89]">ENC0_WDG_SAB_IRQHandler</a>
 <LI><a href="#[8a]">ENC0_IDX_IRQHandler</a>
 <LI><a href="#[8b]">ENC1_COMPARE_IRQHandler</a>
 <LI><a href="#[8c]">ENC1_HOME_IRQHandler</a>
 <LI><a href="#[8d]">ENC1_WDG_SAB_IRQHandler</a>
 <LI><a href="#[8e]">ENC1_IDX_IRQHandler</a>
 <LI><a href="#[8f]">ITRC0_IRQHandler</a>
 <LI><a href="#[90]">BSP32_IRQHandler</a>
 <LI><a href="#[91]">ELS_ERR_IRQHandler</a>
 <LI><a href="#[92]">PKC_ERR_IRQHandler</a>
 <LI><a href="#[93]">ERM_SINGLE_BIT_ERROR_IRQHandler</a>
 <LI><a href="#[94]">ERM_MULTI_BIT_ERROR_IRQHandler</a>
 <LI><a href="#[95]">FMU0_IRQHandler</a>
 <LI><a href="#[96]">ETHERNET_IRQHandler</a>
 <LI><a href="#[97]">ETHERNET_PMT_IRQHandler</a>
 <LI><a href="#[98]">ETHERNET_MACLP_IRQHandler</a>
 <LI><a href="#[99]">SINC_FILTER_IRQHandler</a>
 <LI><a href="#[9a]">LPTMR0_IRQHandler</a>
 <LI><a href="#[9b]">LPTMR1_IRQHandler</a>
 <LI><a href="#[9c]">SCG_IRQHandler</a>
 <LI><a href="#[9d]">SPC_IRQHandler</a>
 <LI><a href="#[9e]">WUU_IRQHandler</a>
 <LI><a href="#[9f]">PORT_EFT_IRQHandler</a>
 <LI><a href="#[a0]">ETB0_IRQHandler</a>
 <LI><a href="#[a1]">SM3_IRQHandler</a>
 <LI><a href="#[a2]">TRNG0_IRQHandler</a>
 <LI><a href="#[a3]">WWDT0_IRQHandler</a>
 <LI><a href="#[a4]">WWDT1_IRQHandler</a>
 <LI><a href="#[a5]">CMC0_IRQHandler</a>
 <LI><a href="#[a6]">CTI0_IRQHandler</a>
</UL>
</UL>
<P>
<H3>
Mutually Recursive functions
</H3> <LI><a href="#[a7]">main</a>&nbsp;&nbsp;&nbsp;&rArr;&nbsp;&nbsp;&nbsp;<a href="#[a7]">main</a><BR>
</UL>
<P>
<H3>
Function Pointers
</H3><UL>
 <LI><a href="#[d7]">ADC0_DriverIRQHandler</a> from startup_mcxn947_cm33_core0.o(.text) referenced from startup_mcxn947_cm33_core0.o(.text)
 <LI><a href="#[38]">ADC0_IRQHandler</a> from startup_mcxn947_cm33_core0.o(.text) referenced from startup_mcxn947_cm33_core0.o(.isr_vector)
 <LI><a href="#[d8]">ADC1_DriverIRQHandler</a> from startup_mcxn947_cm33_core0.o(.text) referenced from startup_mcxn947_cm33_core0.o(.text)
 <LI><a href="#[39]">ADC1_IRQHandler</a> from startup_mcxn947_cm33_core0.o(.text) referenced from startup_mcxn947_cm33_core0.o(.isr_vector)
 <LI><a href="#[12f]">BSP32_DriverIRQHandler</a> from startup_mcxn947_cm33_core0.o(.text) referenced from startup_mcxn947_cm33_core0.o(.text)
 <LI><a href="#[90]">BSP32_IRQHandler</a> from startup_mcxn947_cm33_core0.o(.text) referenced from startup_mcxn947_cm33_core0.o(.isr_vector)
 <LI><a href="#[4]">BusFault_Handler</a> from startup_mcxn947_cm33_core0.o(.text) referenced from startup_mcxn947_cm33_core0.o(.isr_vector)
 <LI><a href="#[e8]">CAN0_DriverIRQHandler</a> from startup_mcxn947_cm33_core0.o(.text) referenced from startup_mcxn947_cm33_core0.o(.text)
 <LI><a href="#[49]">CAN0_IRQHandler</a> from startup_mcxn947_cm33_core0.o(.text) referenced from startup_mcxn947_cm33_core0.o(.isr_vector)
 <LI><a href="#[e9]">CAN1_DriverIRQHandler</a> from startup_mcxn947_cm33_core0.o(.text) referenced from startup_mcxn947_cm33_core0.o(.text)
 <LI><a href="#[4a]">CAN1_IRQHandler</a> from startup_mcxn947_cm33_core0.o(.text) referenced from startup_mcxn947_cm33_core0.o(.isr_vector)
 <LI><a href="#[107]">CDOG0_DriverIRQHandler</a> from startup_mcxn947_cm33_core0.o(.text) referenced from startup_mcxn947_cm33_core0.o(.text)
 <LI><a href="#[68]">CDOG0_IRQHandler</a> from startup_mcxn947_cm33_core0.o(.text) referenced from startup_mcxn947_cm33_core0.o(.isr_vector)
 <LI><a href="#[108]">CDOG1_DriverIRQHandler</a> from startup_mcxn947_cm33_core0.o(.text) referenced from startup_mcxn947_cm33_core0.o(.text)
 <LI><a href="#[69]">CDOG1_IRQHandler</a> from startup_mcxn947_cm33_core0.o(.text) referenced from startup_mcxn947_cm33_core0.o(.isr_vector)
 <LI><a href="#[144]">CMC0_DriverIRQHandler</a> from startup_mcxn947_cm33_core0.o(.text) referenced from startup_mcxn947_cm33_core0.o(.text)
 <LI><a href="#[a5]">CMC0_IRQHandler</a> from startup_mcxn947_cm33_core0.o(.text) referenced from startup_mcxn947_cm33_core0.o(.isr_vector)
 <LI><a href="#[145]">CTI0_DriverIRQHandler</a> from startup_mcxn947_cm33_core0.o(.text) referenced from startup_mcxn947_cm33_core0.o(.text)
 <LI><a href="#[a6]">CTI0_IRQHandler</a> from startup_mcxn947_cm33_core0.o(.text) referenced from startup_mcxn947_cm33_core0.o(.isr_vector)
 <LI><a href="#[c9]">CTIMER0_DriverIRQHandler</a> from startup_mcxn947_cm33_core0.o(.text) referenced from startup_mcxn947_cm33_core0.o(.text)
 <LI><a href="#[2a]">CTIMER0_IRQHandler</a> from startup_mcxn947_cm33_core0.o(.text) referenced from startup_mcxn947_cm33_core0.o(.isr_vector)
 <LI><a href="#[ca]">CTIMER1_DriverIRQHandler</a> from startup_mcxn947_cm33_core0.o(.text) referenced from startup_mcxn947_cm33_core0.o(.text)
 <LI><a href="#[2b]">CTIMER1_IRQHandler</a> from startup_mcxn947_cm33_core0.o(.text) referenced from startup_mcxn947_cm33_core0.o(.isr_vector)
 <LI><a href="#[cc]">CTIMER2_DriverIRQHandler</a> from startup_mcxn947_cm33_core0.o(.text) referenced from startup_mcxn947_cm33_core0.o(.text)
 <LI><a href="#[2d]">CTIMER2_IRQHandler</a> from startup_mcxn947_cm33_core0.o(.text) referenced from startup_mcxn947_cm33_core0.o(.isr_vector)
 <LI><a href="#[e1]">CTIMER3_DriverIRQHandler</a> from startup_mcxn947_cm33_core0.o(.text) referenced from startup_mcxn947_cm33_core0.o(.text)
 <LI><a href="#[42]">CTIMER3_IRQHandler</a> from startup_mcxn947_cm33_core0.o(.text) referenced from startup_mcxn947_cm33_core0.o(.isr_vector)
 <LI><a href="#[e2]">CTIMER4_DriverIRQHandler</a> from startup_mcxn947_cm33_core0.o(.text) referenced from startup_mcxn947_cm33_core0.o(.text)
 <LI><a href="#[43]">CTIMER4_IRQHandler</a> from startup_mcxn947_cm33_core0.o(.text) referenced from startup_mcxn947_cm33_core0.o(.isr_vector)
 <LI><a href="#[114]">DAC0_DriverIRQHandler</a> from startup_mcxn947_cm33_core0.o(.text) referenced from startup_mcxn947_cm33_core0.o(.text)
 <LI><a href="#[75]">DAC0_IRQHandler</a> from startup_mcxn947_cm33_core0.o(.text) referenced from startup_mcxn947_cm33_core0.o(.isr_vector)
 <LI><a href="#[115]">DAC1_DriverIRQHandler</a> from startup_mcxn947_cm33_core0.o(.text) referenced from startup_mcxn947_cm33_core0.o(.text)
 <LI><a href="#[76]">DAC1_IRQHandler</a> from startup_mcxn947_cm33_core0.o(.text) referenced from startup_mcxn947_cm33_core0.o(.isr_vector)
 <LI><a href="#[116]">DAC2_DriverIRQHandler</a> from startup_mcxn947_cm33_core0.o(.text) referenced from startup_mcxn947_cm33_core0.o(.text)
 <LI><a href="#[77]">DAC2_IRQHandler</a> from startup_mcxn947_cm33_core0.o(.text) referenced from startup_mcxn947_cm33_core0.o(.isr_vector)
 <LI><a href="#[8]">DebugMon_Handler</a> from startup_mcxn947_cm33_core0.o(.text) referenced from startup_mcxn947_cm33_core0.o(.isr_vector)
 <LI><a href="#[ab]">EDMA_0_CH0_DriverIRQHandler</a> from startup_mcxn947_cm33_core0.o(.text) referenced from startup_mcxn947_cm33_core0.o(.text)
 <LI><a href="#[c]">EDMA_0_CH0_IRQHandler</a> from startup_mcxn947_cm33_core0.o(.text) referenced from startup_mcxn947_cm33_core0.o(.isr_vector)
 <LI><a href="#[b5]">EDMA_0_CH10_DriverIRQHandler</a> from startup_mcxn947_cm33_core0.o(.text) referenced from startup_mcxn947_cm33_core0.o(.text)
 <LI><a href="#[16]">EDMA_0_CH10_IRQHandler</a> from startup_mcxn947_cm33_core0.o(.text) referenced from startup_mcxn947_cm33_core0.o(.isr_vector)
 <LI><a href="#[b6]">EDMA_0_CH11_DriverIRQHandler</a> from startup_mcxn947_cm33_core0.o(.text) referenced from startup_mcxn947_cm33_core0.o(.text)
 <LI><a href="#[17]">EDMA_0_CH11_IRQHandler</a> from startup_mcxn947_cm33_core0.o(.text) referenced from startup_mcxn947_cm33_core0.o(.isr_vector)
 <LI><a href="#[b7]">EDMA_0_CH12_DriverIRQHandler</a> from startup_mcxn947_cm33_core0.o(.text) referenced from startup_mcxn947_cm33_core0.o(.text)
 <LI><a href="#[18]">EDMA_0_CH12_IRQHandler</a> from startup_mcxn947_cm33_core0.o(.text) referenced from startup_mcxn947_cm33_core0.o(.isr_vector)
 <LI><a href="#[b8]">EDMA_0_CH13_DriverIRQHandler</a> from startup_mcxn947_cm33_core0.o(.text) referenced from startup_mcxn947_cm33_core0.o(.text)
 <LI><a href="#[19]">EDMA_0_CH13_IRQHandler</a> from startup_mcxn947_cm33_core0.o(.text) referenced from startup_mcxn947_cm33_core0.o(.isr_vector)
 <LI><a href="#[b9]">EDMA_0_CH14_DriverIRQHandler</a> from startup_mcxn947_cm33_core0.o(.text) referenced from startup_mcxn947_cm33_core0.o(.text)
 <LI><a href="#[1a]">EDMA_0_CH14_IRQHandler</a> from startup_mcxn947_cm33_core0.o(.text) referenced from startup_mcxn947_cm33_core0.o(.isr_vector)
 <LI><a href="#[ba]">EDMA_0_CH15_DriverIRQHandler</a> from startup_mcxn947_cm33_core0.o(.text) referenced from startup_mcxn947_cm33_core0.o(.text)
 <LI><a href="#[1b]">EDMA_0_CH15_IRQHandler</a> from startup_mcxn947_cm33_core0.o(.text) referenced from startup_mcxn947_cm33_core0.o(.isr_vector)
 <LI><a href="#[ac]">EDMA_0_CH1_DriverIRQHandler</a> from startup_mcxn947_cm33_core0.o(.text) referenced from startup_mcxn947_cm33_core0.o(.text)
 <LI><a href="#[d]">EDMA_0_CH1_IRQHandler</a> from startup_mcxn947_cm33_core0.o(.text) referenced from startup_mcxn947_cm33_core0.o(.isr_vector)
 <LI><a href="#[ad]">EDMA_0_CH2_DriverIRQHandler</a> from startup_mcxn947_cm33_core0.o(.text) referenced from startup_mcxn947_cm33_core0.o(.text)
 <LI><a href="#[e]">EDMA_0_CH2_IRQHandler</a> from startup_mcxn947_cm33_core0.o(.text) referenced from startup_mcxn947_cm33_core0.o(.isr_vector)
 <LI><a href="#[ae]">EDMA_0_CH3_DriverIRQHandler</a> from startup_mcxn947_cm33_core0.o(.text) referenced from startup_mcxn947_cm33_core0.o(.text)
 <LI><a href="#[f]">EDMA_0_CH3_IRQHandler</a> from startup_mcxn947_cm33_core0.o(.text) referenced from startup_mcxn947_cm33_core0.o(.isr_vector)
 <LI><a href="#[af]">EDMA_0_CH4_DriverIRQHandler</a> from startup_mcxn947_cm33_core0.o(.text) referenced from startup_mcxn947_cm33_core0.o(.text)
 <LI><a href="#[10]">EDMA_0_CH4_IRQHandler</a> from startup_mcxn947_cm33_core0.o(.text) referenced from startup_mcxn947_cm33_core0.o(.isr_vector)
 <LI><a href="#[b0]">EDMA_0_CH5_DriverIRQHandler</a> from startup_mcxn947_cm33_core0.o(.text) referenced from startup_mcxn947_cm33_core0.o(.text)
 <LI><a href="#[11]">EDMA_0_CH5_IRQHandler</a> from startup_mcxn947_cm33_core0.o(.text) referenced from startup_mcxn947_cm33_core0.o(.isr_vector)
 <LI><a href="#[b1]">EDMA_0_CH6_DriverIRQHandler</a> from startup_mcxn947_cm33_core0.o(.text) referenced from startup_mcxn947_cm33_core0.o(.text)
 <LI><a href="#[12]">EDMA_0_CH6_IRQHandler</a> from startup_mcxn947_cm33_core0.o(.text) referenced from startup_mcxn947_cm33_core0.o(.isr_vector)
 <LI><a href="#[b2]">EDMA_0_CH7_DriverIRQHandler</a> from startup_mcxn947_cm33_core0.o(.text) referenced from startup_mcxn947_cm33_core0.o(.text)
 <LI><a href="#[13]">EDMA_0_CH7_IRQHandler</a> from startup_mcxn947_cm33_core0.o(.text) referenced from startup_mcxn947_cm33_core0.o(.isr_vector)
 <LI><a href="#[b3]">EDMA_0_CH8_DriverIRQHandler</a> from startup_mcxn947_cm33_core0.o(.text) referenced from startup_mcxn947_cm33_core0.o(.text)
 <LI><a href="#[14]">EDMA_0_CH8_IRQHandler</a> from startup_mcxn947_cm33_core0.o(.text) referenced from startup_mcxn947_cm33_core0.o(.isr_vector)
 <LI><a href="#[b4]">EDMA_0_CH9_DriverIRQHandler</a> from startup_mcxn947_cm33_core0.o(.text) referenced from startup_mcxn947_cm33_core0.o(.text)
 <LI><a href="#[15]">EDMA_0_CH9_IRQHandler</a> from startup_mcxn947_cm33_core0.o(.text) referenced from startup_mcxn947_cm33_core0.o(.isr_vector)
 <LI><a href="#[f7]">EDMA_1_CH0_DriverIRQHandler</a> from startup_mcxn947_cm33_core0.o(.text) referenced from startup_mcxn947_cm33_core0.o(.text)
 <LI><a href="#[58]">EDMA_1_CH0_IRQHandler</a> from startup_mcxn947_cm33_core0.o(.text) referenced from startup_mcxn947_cm33_core0.o(.isr_vector)
 <LI><a href="#[101]">EDMA_1_CH10_DriverIRQHandler</a> from startup_mcxn947_cm33_core0.o(.text) referenced from startup_mcxn947_cm33_core0.o(.text)
 <LI><a href="#[62]">EDMA_1_CH10_IRQHandler</a> from startup_mcxn947_cm33_core0.o(.text) referenced from startup_mcxn947_cm33_core0.o(.isr_vector)
 <LI><a href="#[102]">EDMA_1_CH11_DriverIRQHandler</a> from startup_mcxn947_cm33_core0.o(.text) referenced from startup_mcxn947_cm33_core0.o(.text)
 <LI><a href="#[63]">EDMA_1_CH11_IRQHandler</a> from startup_mcxn947_cm33_core0.o(.text) referenced from startup_mcxn947_cm33_core0.o(.isr_vector)
 <LI><a href="#[103]">EDMA_1_CH12_DriverIRQHandler</a> from startup_mcxn947_cm33_core0.o(.text) referenced from startup_mcxn947_cm33_core0.o(.text)
 <LI><a href="#[64]">EDMA_1_CH12_IRQHandler</a> from startup_mcxn947_cm33_core0.o(.text) referenced from startup_mcxn947_cm33_core0.o(.isr_vector)
 <LI><a href="#[104]">EDMA_1_CH13_DriverIRQHandler</a> from startup_mcxn947_cm33_core0.o(.text) referenced from startup_mcxn947_cm33_core0.o(.text)
 <LI><a href="#[65]">EDMA_1_CH13_IRQHandler</a> from startup_mcxn947_cm33_core0.o(.text) referenced from startup_mcxn947_cm33_core0.o(.isr_vector)
 <LI><a href="#[105]">EDMA_1_CH14_DriverIRQHandler</a> from startup_mcxn947_cm33_core0.o(.text) referenced from startup_mcxn947_cm33_core0.o(.text)
 <LI><a href="#[66]">EDMA_1_CH14_IRQHandler</a> from startup_mcxn947_cm33_core0.o(.text) referenced from startup_mcxn947_cm33_core0.o(.isr_vector)
 <LI><a href="#[106]">EDMA_1_CH15_DriverIRQHandler</a> from startup_mcxn947_cm33_core0.o(.text) referenced from startup_mcxn947_cm33_core0.o(.text)
 <LI><a href="#[67]">EDMA_1_CH15_IRQHandler</a> from startup_mcxn947_cm33_core0.o(.text) referenced from startup_mcxn947_cm33_core0.o(.isr_vector)
 <LI><a href="#[f8]">EDMA_1_CH1_DriverIRQHandler</a> from startup_mcxn947_cm33_core0.o(.text) referenced from startup_mcxn947_cm33_core0.o(.text)
 <LI><a href="#[59]">EDMA_1_CH1_IRQHandler</a> from startup_mcxn947_cm33_core0.o(.text) referenced from startup_mcxn947_cm33_core0.o(.isr_vector)
 <LI><a href="#[f9]">EDMA_1_CH2_DriverIRQHandler</a> from startup_mcxn947_cm33_core0.o(.text) referenced from startup_mcxn947_cm33_core0.o(.text)
 <LI><a href="#[5a]">EDMA_1_CH2_IRQHandler</a> from startup_mcxn947_cm33_core0.o(.text) referenced from startup_mcxn947_cm33_core0.o(.isr_vector)
 <LI><a href="#[fa]">EDMA_1_CH3_DriverIRQHandler</a> from startup_mcxn947_cm33_core0.o(.text) referenced from startup_mcxn947_cm33_core0.o(.text)
 <LI><a href="#[5b]">EDMA_1_CH3_IRQHandler</a> from startup_mcxn947_cm33_core0.o(.text) referenced from startup_mcxn947_cm33_core0.o(.isr_vector)
 <LI><a href="#[fb]">EDMA_1_CH4_DriverIRQHandler</a> from startup_mcxn947_cm33_core0.o(.text) referenced from startup_mcxn947_cm33_core0.o(.text)
 <LI><a href="#[5c]">EDMA_1_CH4_IRQHandler</a> from startup_mcxn947_cm33_core0.o(.text) referenced from startup_mcxn947_cm33_core0.o(.isr_vector)
 <LI><a href="#[fc]">EDMA_1_CH5_DriverIRQHandler</a> from startup_mcxn947_cm33_core0.o(.text) referenced from startup_mcxn947_cm33_core0.o(.text)
 <LI><a href="#[5d]">EDMA_1_CH5_IRQHandler</a> from startup_mcxn947_cm33_core0.o(.text) referenced from startup_mcxn947_cm33_core0.o(.isr_vector)
 <LI><a href="#[fd]">EDMA_1_CH6_DriverIRQHandler</a> from startup_mcxn947_cm33_core0.o(.text) referenced from startup_mcxn947_cm33_core0.o(.text)
 <LI><a href="#[5e]">EDMA_1_CH6_IRQHandler</a> from startup_mcxn947_cm33_core0.o(.text) referenced from startup_mcxn947_cm33_core0.o(.isr_vector)
 <LI><a href="#[fe]">EDMA_1_CH7_DriverIRQHandler</a> from startup_mcxn947_cm33_core0.o(.text) referenced from startup_mcxn947_cm33_core0.o(.text)
 <LI><a href="#[5f]">EDMA_1_CH7_IRQHandler</a> from startup_mcxn947_cm33_core0.o(.text) referenced from startup_mcxn947_cm33_core0.o(.isr_vector)
 <LI><a href="#[ff]">EDMA_1_CH8_DriverIRQHandler</a> from startup_mcxn947_cm33_core0.o(.text) referenced from startup_mcxn947_cm33_core0.o(.text)
 <LI><a href="#[60]">EDMA_1_CH8_IRQHandler</a> from startup_mcxn947_cm33_core0.o(.text) referenced from startup_mcxn947_cm33_core0.o(.isr_vector)
 <LI><a href="#[100]">EDMA_1_CH9_DriverIRQHandler</a> from startup_mcxn947_cm33_core0.o(.text) referenced from startup_mcxn947_cm33_core0.o(.text)
 <LI><a href="#[61]">EDMA_1_CH9_IRQHandler</a> from startup_mcxn947_cm33_core0.o(.text) referenced from startup_mcxn947_cm33_core0.o(.isr_vector)
 <LI><a href="#[f3]">ELS_DriverIRQHandler</a> from startup_mcxn947_cm33_core0.o(.text) referenced from startup_mcxn947_cm33_core0.o(.text)
 <LI><a href="#[130]">ELS_ERR_DriverIRQHandler</a> from startup_mcxn947_cm33_core0.o(.text) referenced from startup_mcxn947_cm33_core0.o(.text)
 <LI><a href="#[91]">ELS_ERR_IRQHandler</a> from startup_mcxn947_cm33_core0.o(.text) referenced from startup_mcxn947_cm33_core0.o(.isr_vector)
 <LI><a href="#[54]">ELS_IRQHandler</a> from startup_mcxn947_cm33_core0.o(.text) referenced from startup_mcxn947_cm33_core0.o(.isr_vector)
 <LI><a href="#[111]">EMVSIM0_DriverIRQHandler</a> from startup_mcxn947_cm33_core0.o(.text) referenced from startup_mcxn947_cm33_core0.o(.text)
 <LI><a href="#[72]">EMVSIM0_IRQHandler</a> from startup_mcxn947_cm33_core0.o(.text) referenced from startup_mcxn947_cm33_core0.o(.isr_vector)
 <LI><a href="#[112]">EMVSIM1_DriverIRQHandler</a> from startup_mcxn947_cm33_core0.o(.text) referenced from startup_mcxn947_cm33_core0.o(.text)
 <LI><a href="#[73]">EMVSIM1_IRQHandler</a> from startup_mcxn947_cm33_core0.o(.text) referenced from startup_mcxn947_cm33_core0.o(.isr_vector)
 <LI><a href="#[126]">ENC0_COMPARE_DriverIRQHandler</a> from startup_mcxn947_cm33_core0.o(.text) referenced from startup_mcxn947_cm33_core0.o(.text)
 <LI><a href="#[87]">ENC0_COMPARE_IRQHandler</a> from startup_mcxn947_cm33_core0.o(.text) referenced from startup_mcxn947_cm33_core0.o(.isr_vector)
 <LI><a href="#[127]">ENC0_HOME_DriverIRQHandler</a> from startup_mcxn947_cm33_core0.o(.text) referenced from startup_mcxn947_cm33_core0.o(.text)
 <LI><a href="#[88]">ENC0_HOME_IRQHandler</a> from startup_mcxn947_cm33_core0.o(.text) referenced from startup_mcxn947_cm33_core0.o(.isr_vector)
 <LI><a href="#[129]">ENC0_IDX_DriverIRQHandler</a> from startup_mcxn947_cm33_core0.o(.text) referenced from startup_mcxn947_cm33_core0.o(.text)
 <LI><a href="#[8a]">ENC0_IDX_IRQHandler</a> from startup_mcxn947_cm33_core0.o(.text) referenced from startup_mcxn947_cm33_core0.o(.isr_vector)
 <LI><a href="#[128]">ENC0_WDG_SAB_DriverIRQHandler</a> from startup_mcxn947_cm33_core0.o(.text) referenced from startup_mcxn947_cm33_core0.o(.text)
 <LI><a href="#[89]">ENC0_WDG_SAB_IRQHandler</a> from startup_mcxn947_cm33_core0.o(.text) referenced from startup_mcxn947_cm33_core0.o(.isr_vector)
 <LI><a href="#[12a]">ENC1_COMPARE_DriverIRQHandler</a> from startup_mcxn947_cm33_core0.o(.text) referenced from startup_mcxn947_cm33_core0.o(.text)
 <LI><a href="#[8b]">ENC1_COMPARE_IRQHandler</a> from startup_mcxn947_cm33_core0.o(.text) referenced from startup_mcxn947_cm33_core0.o(.isr_vector)
 <LI><a href="#[12b]">ENC1_HOME_DriverIRQHandler</a> from startup_mcxn947_cm33_core0.o(.text) referenced from startup_mcxn947_cm33_core0.o(.text)
 <LI><a href="#[8c]">ENC1_HOME_IRQHandler</a> from startup_mcxn947_cm33_core0.o(.text) referenced from startup_mcxn947_cm33_core0.o(.isr_vector)
 <LI><a href="#[12d]">ENC1_IDX_DriverIRQHandler</a> from startup_mcxn947_cm33_core0.o(.text) referenced from startup_mcxn947_cm33_core0.o(.text)
 <LI><a href="#[8e]">ENC1_IDX_IRQHandler</a> from startup_mcxn947_cm33_core0.o(.text) referenced from startup_mcxn947_cm33_core0.o(.isr_vector)
 <LI><a href="#[12c]">ENC1_WDG_SAB_DriverIRQHandler</a> from startup_mcxn947_cm33_core0.o(.text) referenced from startup_mcxn947_cm33_core0.o(.text)
 <LI><a href="#[8d]">ENC1_WDG_SAB_IRQHandler</a> from startup_mcxn947_cm33_core0.o(.text) referenced from startup_mcxn947_cm33_core0.o(.isr_vector)
 <LI><a href="#[133]">ERM_MULTI_BIT_ERROR_DriverIRQHandler</a> from startup_mcxn947_cm33_core0.o(.text) referenced from startup_mcxn947_cm33_core0.o(.text)
 <LI><a href="#[94]">ERM_MULTI_BIT_ERROR_IRQHandler</a> from startup_mcxn947_cm33_core0.o(.text) referenced from startup_mcxn947_cm33_core0.o(.isr_vector)
 <LI><a href="#[132]">ERM_SINGLE_BIT_ERROR_DriverIRQHandler</a> from startup_mcxn947_cm33_core0.o(.text) referenced from startup_mcxn947_cm33_core0.o(.text)
 <LI><a href="#[93]">ERM_SINGLE_BIT_ERROR_IRQHandler</a> from startup_mcxn947_cm33_core0.o(.text) referenced from startup_mcxn947_cm33_core0.o(.isr_vector)
 <LI><a href="#[13f]">ETB0_DriverIRQHandler</a> from startup_mcxn947_cm33_core0.o(.text) referenced from startup_mcxn947_cm33_core0.o(.text)
 <LI><a href="#[a0]">ETB0_IRQHandler</a> from startup_mcxn947_cm33_core0.o(.text) referenced from startup_mcxn947_cm33_core0.o(.isr_vector)
 <LI><a href="#[135]">ETHERNET_DriverIRQHandler</a> from startup_mcxn947_cm33_core0.o(.text) referenced from startup_mcxn947_cm33_core0.o(.text)
 <LI><a href="#[96]">ETHERNET_IRQHandler</a> from startup_mcxn947_cm33_core0.o(.text) referenced from startup_mcxn947_cm33_core0.o(.isr_vector)
 <LI><a href="#[137]">ETHERNET_MACLP_DriverIRQHandler</a> from startup_mcxn947_cm33_core0.o(.text) referenced from startup_mcxn947_cm33_core0.o(.text)
 <LI><a href="#[98]">ETHERNET_MACLP_IRQHandler</a> from startup_mcxn947_cm33_core0.o(.text) referenced from startup_mcxn947_cm33_core0.o(.isr_vector)
 <LI><a href="#[136]">ETHERNET_PMT_DriverIRQHandler</a> from startup_mcxn947_cm33_core0.o(.text) referenced from startup_mcxn947_cm33_core0.o(.text)
 <LI><a href="#[97]">ETHERNET_PMT_IRQHandler</a> from startup_mcxn947_cm33_core0.o(.text) referenced from startup_mcxn947_cm33_core0.o(.isr_vector)
 <LI><a href="#[10e]">EWM0_DriverIRQHandler</a> from startup_mcxn947_cm33_core0.o(.text) referenced from startup_mcxn947_cm33_core0.o(.text)
 <LI><a href="#[6f]">EWM0_IRQHandler</a> from startup_mcxn947_cm33_core0.o(.text) referenced from startup_mcxn947_cm33_core0.o(.isr_vector)
 <LI><a href="#[113]">FLEXIO_DriverIRQHandler</a> from startup_mcxn947_cm33_core0.o(.text) referenced from startup_mcxn947_cm33_core0.o(.text)
 <LI><a href="#[74]">FLEXIO_IRQHandler</a> from startup_mcxn947_cm33_core0.o(.text) referenced from startup_mcxn947_cm33_core0.o(.isr_vector)
 <LI><a href="#[11b]">FLEXPWM0_FAULT_DriverIRQHandler</a> from startup_mcxn947_cm33_core0.o(.text) referenced from startup_mcxn947_cm33_core0.o(.text)
 <LI><a href="#[7c]">FLEXPWM0_FAULT_IRQHandler</a> from startup_mcxn947_cm33_core0.o(.text) referenced from startup_mcxn947_cm33_core0.o(.isr_vector)
 <LI><a href="#[11a]">FLEXPWM0_RELOAD_ERROR_DriverIRQHandler</a> from startup_mcxn947_cm33_core0.o(.text) referenced from startup_mcxn947_cm33_core0.o(.text)
 <LI><a href="#[7b]">FLEXPWM0_RELOAD_ERROR_IRQHandler</a> from startup_mcxn947_cm33_core0.o(.text) referenced from startup_mcxn947_cm33_core0.o(.isr_vector)
 <LI><a href="#[11c]">FLEXPWM0_SUBMODULE0_DriverIRQHandler</a> from startup_mcxn947_cm33_core0.o(.text) referenced from startup_mcxn947_cm33_core0.o(.text)
 <LI><a href="#[7d]">FLEXPWM0_SUBMODULE0_IRQHandler</a> from startup_mcxn947_cm33_core0.o(.text) referenced from startup_mcxn947_cm33_core0.o(.isr_vector)
 <LI><a href="#[11d]">FLEXPWM0_SUBMODULE1_DriverIRQHandler</a> from startup_mcxn947_cm33_core0.o(.text) referenced from startup_mcxn947_cm33_core0.o(.text)
 <LI><a href="#[7e]">FLEXPWM0_SUBMODULE1_IRQHandler</a> from startup_mcxn947_cm33_core0.o(.text) referenced from startup_mcxn947_cm33_core0.o(.isr_vector)
 <LI><a href="#[11e]">FLEXPWM0_SUBMODULE2_DriverIRQHandler</a> from startup_mcxn947_cm33_core0.o(.text) referenced from startup_mcxn947_cm33_core0.o(.text)
 <LI><a href="#[7f]">FLEXPWM0_SUBMODULE2_IRQHandler</a> from startup_mcxn947_cm33_core0.o(.text) referenced from startup_mcxn947_cm33_core0.o(.isr_vector)
 <LI><a href="#[11f]">FLEXPWM0_SUBMODULE3_DriverIRQHandler</a> from startup_mcxn947_cm33_core0.o(.text) referenced from startup_mcxn947_cm33_core0.o(.text)
 <LI><a href="#[80]">FLEXPWM0_SUBMODULE3_IRQHandler</a> from startup_mcxn947_cm33_core0.o(.text) referenced from startup_mcxn947_cm33_core0.o(.isr_vector)
 <LI><a href="#[121]">FLEXPWM1_FAULT_DriverIRQHandler</a> from startup_mcxn947_cm33_core0.o(.text) referenced from startup_mcxn947_cm33_core0.o(.text)
 <LI><a href="#[82]">FLEXPWM1_FAULT_IRQHandler</a> from startup_mcxn947_cm33_core0.o(.text) referenced from startup_mcxn947_cm33_core0.o(.isr_vector)
 <LI><a href="#[120]">FLEXPWM1_RELOAD_ERROR_DriverIRQHandler</a> from startup_mcxn947_cm33_core0.o(.text) referenced from startup_mcxn947_cm33_core0.o(.text)
 <LI><a href="#[81]">FLEXPWM1_RELOAD_ERROR_IRQHandler</a> from startup_mcxn947_cm33_core0.o(.text) referenced from startup_mcxn947_cm33_core0.o(.isr_vector)
 <LI><a href="#[122]">FLEXPWM1_SUBMODULE0_DriverIRQHandler</a> from startup_mcxn947_cm33_core0.o(.text) referenced from startup_mcxn947_cm33_core0.o(.text)
 <LI><a href="#[83]">FLEXPWM1_SUBMODULE0_IRQHandler</a> from startup_mcxn947_cm33_core0.o(.text) referenced from startup_mcxn947_cm33_core0.o(.isr_vector)
 <LI><a href="#[123]">FLEXPWM1_SUBMODULE1_DriverIRQHandler</a> from startup_mcxn947_cm33_core0.o(.text) referenced from startup_mcxn947_cm33_core0.o(.text)
 <LI><a href="#[84]">FLEXPWM1_SUBMODULE1_IRQHandler</a> from startup_mcxn947_cm33_core0.o(.text) referenced from startup_mcxn947_cm33_core0.o(.isr_vector)
 <LI><a href="#[124]">FLEXPWM1_SUBMODULE2_DriverIRQHandler</a> from startup_mcxn947_cm33_core0.o(.text) referenced from startup_mcxn947_cm33_core0.o(.text)
 <LI><a href="#[85]">FLEXPWM1_SUBMODULE2_IRQHandler</a> from startup_mcxn947_cm33_core0.o(.text) referenced from startup_mcxn947_cm33_core0.o(.isr_vector)
 <LI><a href="#[125]">FLEXPWM1_SUBMODULE3_DriverIRQHandler</a> from startup_mcxn947_cm33_core0.o(.text) referenced from startup_mcxn947_cm33_core0.o(.text)
 <LI><a href="#[86]">FLEXPWM1_SUBMODULE3_IRQHandler</a> from startup_mcxn947_cm33_core0.o(.text) referenced from startup_mcxn947_cm33_core0.o(.isr_vector)
 <LI><a href="#[e4]">FLEXSPI0_DriverIRQHandler</a> from startup_mcxn947_cm33_core0.o(.text) referenced from startup_mcxn947_cm33_core0.o(.text)
 <LI><a href="#[45]">FLEXSPI0_IRQHandler</a> from startup_mcxn947_cm33_core0.o(.text) referenced from startup_mcxn947_cm33_core0.o(.isr_vector)
 <LI><a href="#[134]">FMU0_DriverIRQHandler</a> from startup_mcxn947_cm33_core0.o(.text) referenced from startup_mcxn947_cm33_core0.o(.text)
 <LI><a href="#[95]">FMU0_IRQHandler</a> from startup_mcxn947_cm33_core0.o(.text) referenced from startup_mcxn947_cm33_core0.o(.isr_vector)
 <LI><a href="#[f1]">Freqme_DriverIRQHandler</a> from startup_mcxn947_cm33_core0.o(.text) referenced from startup_mcxn947_cm33_core0.o(.text)
 <LI><a href="#[52]">Freqme_IRQHandler</a> from startup_mcxn947_cm33_core0.o(.text) referenced from startup_mcxn947_cm33_core0.o(.isr_vector)
 <LI><a href="#[10c]">GDET_DriverIRQHandler</a> from startup_mcxn947_cm33_core0.o(.text) referenced from startup_mcxn947_cm33_core0.o(.text)
 <LI><a href="#[6d]">GDET_IRQHandler</a> from startup_mcxn947_cm33_core0.o(.text) referenced from startup_mcxn947_cm33_core0.o(.isr_vector)
 <LI><a href="#[bb]">GPIO00_DriverIRQHandler</a> from startup_mcxn947_cm33_core0.o(.text) referenced from startup_mcxn947_cm33_core0.o(.text)
 <LI><a href="#[1c]">GPIO00_IRQHandler</a> from startup_mcxn947_cm33_core0.o(.text) referenced from startup_mcxn947_cm33_core0.o(.isr_vector)
 <LI><a href="#[bc]">GPIO01_DriverIRQHandler</a> from startup_mcxn947_cm33_core0.o(.text) referenced from startup_mcxn947_cm33_core0.o(.text)
 <LI><a href="#[1d]">GPIO01_IRQHandler</a> from startup_mcxn947_cm33_core0.o(.text) referenced from startup_mcxn947_cm33_core0.o(.isr_vector)
 <LI><a href="#[bd]">GPIO10_DriverIRQHandler</a> from startup_mcxn947_cm33_core0.o(.text) referenced from startup_mcxn947_cm33_core0.o(.text)
 <LI><a href="#[1e]">GPIO10_IRQHandler</a> from startup_mcxn947_cm33_core0.o(.text) referenced from startup_mcxn947_cm33_core0.o(.isr_vector)
 <LI><a href="#[be]">GPIO11_DriverIRQHandler</a> from startup_mcxn947_cm33_core0.o(.text) referenced from startup_mcxn947_cm33_core0.o(.text)
 <LI><a href="#[1f]">GPIO11_IRQHandler</a> from startup_mcxn947_cm33_core0.o(.text) referenced from startup_mcxn947_cm33_core0.o(.isr_vector)
 <LI><a href="#[bf]">GPIO20_DriverIRQHandler</a> from startup_mcxn947_cm33_core0.o(.text) referenced from startup_mcxn947_cm33_core0.o(.text)
 <LI><a href="#[20]">GPIO20_IRQHandler</a> from startup_mcxn947_cm33_core0.o(.text) referenced from startup_mcxn947_cm33_core0.o(.isr_vector)
 <LI><a href="#[c0]">GPIO21_DriverIRQHandler</a> from startup_mcxn947_cm33_core0.o(.text) referenced from startup_mcxn947_cm33_core0.o(.text)
 <LI><a href="#[21]">GPIO21_IRQHandler</a> from startup_mcxn947_cm33_core0.o(.text) referenced from startup_mcxn947_cm33_core0.o(.isr_vector)
 <LI><a href="#[c1]">GPIO30_DriverIRQHandler</a> from startup_mcxn947_cm33_core0.o(.text) referenced from startup_mcxn947_cm33_core0.o(.text)
 <LI><a href="#[22]">GPIO30_IRQHandler</a> from startup_mcxn947_cm33_core0.o(.text) referenced from startup_mcxn947_cm33_core0.o(.isr_vector)
 <LI><a href="#[c2]">GPIO31_DriverIRQHandler</a> from startup_mcxn947_cm33_core0.o(.text) referenced from startup_mcxn947_cm33_core0.o(.text)
 <LI><a href="#[23]">GPIO31_IRQHandler</a> from startup_mcxn947_cm33_core0.o(.text) referenced from startup_mcxn947_cm33_core0.o(.isr_vector)
 <LI><a href="#[c3]">GPIO40_DriverIRQHandler</a> from startup_mcxn947_cm33_core0.o(.text) referenced from startup_mcxn947_cm33_core0.o(.text)
 <LI><a href="#[24]">GPIO40_IRQHandler</a> from startup_mcxn947_cm33_core0.o(.text) referenced from startup_mcxn947_cm33_core0.o(.isr_vector)
 <LI><a href="#[c4]">GPIO41_DriverIRQHandler</a> from startup_mcxn947_cm33_core0.o(.text) referenced from startup_mcxn947_cm33_core0.o(.text)
 <LI><a href="#[25]">GPIO41_IRQHandler</a> from startup_mcxn947_cm33_core0.o(.text) referenced from startup_mcxn947_cm33_core0.o(.isr_vector)
 <LI><a href="#[c5]">GPIO50_DriverIRQHandler</a> from startup_mcxn947_cm33_core0.o(.text) referenced from startup_mcxn947_cm33_core0.o(.text)
 <LI><a href="#[26]">GPIO50_IRQHandler</a> from startup_mcxn947_cm33_core0.o(.text) referenced from startup_mcxn947_cm33_core0.o(.isr_vector)
 <LI><a href="#[c6]">GPIO51_DriverIRQHandler</a> from startup_mcxn947_cm33_core0.o(.text) referenced from startup_mcxn947_cm33_core0.o(.text)
 <LI><a href="#[27]">GPIO51_IRQHandler</a> from startup_mcxn947_cm33_core0.o(.text) referenced from startup_mcxn947_cm33_core0.o(.isr_vector)
 <LI><a href="#[117]">HSCMP0_DriverIRQHandler</a> from startup_mcxn947_cm33_core0.o(.text) referenced from startup_mcxn947_cm33_core0.o(.text)
 <LI><a href="#[78]">HSCMP0_IRQHandler</a> from startup_mcxn947_cm33_core0.o(.text) referenced from startup_mcxn947_cm33_core0.o(.isr_vector)
 <LI><a href="#[118]">HSCMP1_DriverIRQHandler</a> from startup_mcxn947_cm33_core0.o(.text) referenced from startup_mcxn947_cm33_core0.o(.text)
 <LI><a href="#[79]">HSCMP1_IRQHandler</a> from startup_mcxn947_cm33_core0.o(.text) referenced from startup_mcxn947_cm33_core0.o(.isr_vector)
 <LI><a href="#[119]">HSCMP2_DriverIRQHandler</a> from startup_mcxn947_cm33_core0.o(.text) referenced from startup_mcxn947_cm33_core0.o(.text)
 <LI><a href="#[7a]">HSCMP2_IRQHandler</a> from startup_mcxn947_cm33_core0.o(.text) referenced from startup_mcxn947_cm33_core0.o(.isr_vector)
 <LI><a href="#[2]">HardFault_Handler</a> from startup_mcxn947_cm33_core0.o(.text) referenced from startup_mcxn947_cm33_core0.o(.isr_vector)
 <LI><a href="#[2]">HardFault_Handler</a> from startup_mcxn947_cm33_core0.o(.text) referenced from startup_mcxn947_cm33_core0.o(.text)
 <LI><a href="#[109]">I3C0_DriverIRQHandler</a> from startup_mcxn947_cm33_core0.o(.text) referenced from startup_mcxn947_cm33_core0.o(.text)
 <LI><a href="#[6a]">I3C0_IRQHandler</a> from startup_mcxn947_cm33_core0.o(.text) referenced from startup_mcxn947_cm33_core0.o(.isr_vector)
 <LI><a href="#[10a]">I3C1_DriverIRQHandler</a> from startup_mcxn947_cm33_core0.o(.text) referenced from startup_mcxn947_cm33_core0.o(.text)
 <LI><a href="#[6b]">I3C1_IRQHandler</a> from startup_mcxn947_cm33_core0.o(.text) referenced from startup_mcxn947_cm33_core0.o(.isr_vector)
 <LI><a href="#[12e]">ITRC0_DriverIRQHandler</a> from startup_mcxn947_cm33_core0.o(.text) referenced from startup_mcxn947_cm33_core0.o(.text)
 <LI><a href="#[8f]">ITRC0_IRQHandler</a> from startup_mcxn947_cm33_core0.o(.text) referenced from startup_mcxn947_cm33_core0.o(.isr_vector)
 <LI><a href="#[139]">LPTMR0_DriverIRQHandler</a> from startup_mcxn947_cm33_core0.o(.text) referenced from startup_mcxn947_cm33_core0.o(.text)
 <LI><a href="#[9a]">LPTMR0_IRQHandler</a> from startup_mcxn947_cm33_core0.o(.text) referenced from startup_mcxn947_cm33_core0.o(.isr_vector)
 <LI><a href="#[13a]">LPTMR1_DriverIRQHandler</a> from startup_mcxn947_cm33_core0.o(.text) referenced from startup_mcxn947_cm33_core0.o(.text)
 <LI><a href="#[9b]">LPTMR1_IRQHandler</a> from startup_mcxn947_cm33_core0.o(.text) referenced from startup_mcxn947_cm33_core0.o(.isr_vector)
 <LI><a href="#[cd]">LP_FLEXCOMM0_DriverIRQHandler</a> from startup_mcxn947_cm33_core0.o(.text) referenced from startup_mcxn947_cm33_core0.o(.text)
 <LI><a href="#[2e]">LP_FLEXCOMM0_IRQHandler</a> from startup_mcxn947_cm33_core0.o(.text) referenced from startup_mcxn947_cm33_core0.o(.isr_vector)
 <LI><a href="#[ce]">LP_FLEXCOMM1_DriverIRQHandler</a> from startup_mcxn947_cm33_core0.o(.text) referenced from startup_mcxn947_cm33_core0.o(.text)
 <LI><a href="#[2f]">LP_FLEXCOMM1_IRQHandler</a> from startup_mcxn947_cm33_core0.o(.text) referenced from startup_mcxn947_cm33_core0.o(.isr_vector)
 <LI><a href="#[cf]">LP_FLEXCOMM2_DriverIRQHandler</a> from startup_mcxn947_cm33_core0.o(.text) referenced from startup_mcxn947_cm33_core0.o(.text)
 <LI><a href="#[30]">LP_FLEXCOMM2_IRQHandler</a> from startup_mcxn947_cm33_core0.o(.text) referenced from startup_mcxn947_cm33_core0.o(.isr_vector)
 <LI><a href="#[d0]">LP_FLEXCOMM3_DriverIRQHandler</a> from startup_mcxn947_cm33_core0.o(.text) referenced from startup_mcxn947_cm33_core0.o(.text)
 <LI><a href="#[31]">LP_FLEXCOMM3_IRQHandler</a> from startup_mcxn947_cm33_core0.o(.text) referenced from startup_mcxn947_cm33_core0.o(.isr_vector)
 <LI><a href="#[d1]">LP_FLEXCOMM4_DriverIRQHandler</a> from startup_mcxn947_cm33_core0.o(.text) referenced from startup_mcxn947_cm33_core0.o(.text)
 <LI><a href="#[32]">LP_FLEXCOMM4_IRQHandler</a> from startup_mcxn947_cm33_core0.o(.text) referenced from startup_mcxn947_cm33_core0.o(.isr_vector)
 <LI><a href="#[d2]">LP_FLEXCOMM5_DriverIRQHandler</a> from startup_mcxn947_cm33_core0.o(.text) referenced from startup_mcxn947_cm33_core0.o(.text)
 <LI><a href="#[33]">LP_FLEXCOMM5_IRQHandler</a> from startup_mcxn947_cm33_core0.o(.text) referenced from startup_mcxn947_cm33_core0.o(.isr_vector)
 <LI><a href="#[d3]">LP_FLEXCOMM6_DriverIRQHandler</a> from startup_mcxn947_cm33_core0.o(.text) referenced from startup_mcxn947_cm33_core0.o(.text)
 <LI><a href="#[34]">LP_FLEXCOMM6_IRQHandler</a> from startup_mcxn947_cm33_core0.o(.text) referenced from startup_mcxn947_cm33_core0.o(.isr_vector)
 <LI><a href="#[d4]">LP_FLEXCOMM7_DriverIRQHandler</a> from startup_mcxn947_cm33_core0.o(.text) referenced from startup_mcxn947_cm33_core0.o(.text)
 <LI><a href="#[35]">LP_FLEXCOMM7_IRQHandler</a> from startup_mcxn947_cm33_core0.o(.text) referenced from startup_mcxn947_cm33_core0.o(.isr_vector)
 <LI><a href="#[d5]">LP_FLEXCOMM8_DriverIRQHandler</a> from startup_mcxn947_cm33_core0.o(.text) referenced from startup_mcxn947_cm33_core0.o(.text)
 <LI><a href="#[36]">LP_FLEXCOMM8_IRQHandler</a> from startup_mcxn947_cm33_core0.o(.text) referenced from startup_mcxn947_cm33_core0.o(.isr_vector)
 <LI><a href="#[d6]">LP_FLEXCOMM9_DriverIRQHandler</a> from startup_mcxn947_cm33_core0.o(.text) referenced from startup_mcxn947_cm33_core0.o(.text)
 <LI><a href="#[37]">LP_FLEXCOMM9_IRQHandler</a> from startup_mcxn947_cm33_core0.o(.text) referenced from startup_mcxn947_cm33_core0.o(.isr_vector)
 <LI><a href="#[e0]">MAILBOX_DriverIRQHandler</a> from startup_mcxn947_cm33_core0.o(.text) referenced from startup_mcxn947_cm33_core0.o(.text)
 <LI><a href="#[41]">MAILBOX_IRQHandler</a> from startup_mcxn947_cm33_core0.o(.text) referenced from startup_mcxn947_cm33_core0.o(.isr_vector)
 <LI><a href="#[c8]">MRT0_DriverIRQHandler</a> from startup_mcxn947_cm33_core0.o(.text) referenced from startup_mcxn947_cm33_core0.o(.text)
 <LI><a href="#[29]">MRT0_IRQHandler</a> from startup_mcxn947_cm33_core0.o(.text) referenced from startup_mcxn947_cm33_core0.o(.isr_vector)
 <LI><a href="#[3]">MemManage_Handler</a> from startup_mcxn947_cm33_core0.o(.text) referenced from startup_mcxn947_cm33_core0.o(.isr_vector)
 <LI><a href="#[1]">NMI_Handler</a> from startup_mcxn947_cm33_core0.o(.text) referenced from startup_mcxn947_cm33_core0.o(.isr_vector)
 <LI><a href="#[1]">NMI_Handler</a> from startup_mcxn947_cm33_core0.o(.text) referenced from startup_mcxn947_cm33_core0.o(.text)
 <LI><a href="#[10b]">NPU_DriverIRQHandler</a> from startup_mcxn947_cm33_core0.o(.text) referenced from startup_mcxn947_cm33_core0.o(.text)
 <LI><a href="#[6c]">NPU_IRQHandler</a> from startup_mcxn947_cm33_core0.o(.text) referenced from startup_mcxn947_cm33_core0.o(.isr_vector)
 <LI><a href="#[aa]">OR_DriverIRQHandler</a> from startup_mcxn947_cm33_core0.o(.text) referenced from startup_mcxn947_cm33_core0.o(.text)
 <LI><a href="#[b]">OR_IRQHandler</a> from startup_mcxn947_cm33_core0.o(.text) referenced from startup_mcxn947_cm33_core0.o(.isr_vector)
 <LI><a href="#[e3]">OS_EVENT_DriverIRQHandler</a> from startup_mcxn947_cm33_core0.o(.text) referenced from startup_mcxn947_cm33_core0.o(.text)
 <LI><a href="#[44]">OS_EVENT_IRQHandler</a> from startup_mcxn947_cm33_core0.o(.text) referenced from startup_mcxn947_cm33_core0.o(.isr_vector)
 <LI><a href="#[da]">PDM_EVENT_DriverIRQHandler</a> from startup_mcxn947_cm33_core0.o(.text) referenced from startup_mcxn947_cm33_core0.o(.text)
 <LI><a href="#[3b]">PDM_EVENT_IRQHandler</a> from startup_mcxn947_cm33_core0.o(.text) referenced from startup_mcxn947_cm33_core0.o(.isr_vector)
 <LI><a href="#[d9]">PINT0_DriverIRQHandler</a> from startup_mcxn947_cm33_core0.o(.text) referenced from startup_mcxn947_cm33_core0.o(.text)
 <LI><a href="#[3a]">PINT0_IRQHandler</a> from startup_mcxn947_cm33_core0.o(.text) referenced from startup_mcxn947_cm33_core0.o(.isr_vector)
 <LI><a href="#[f4]">PKC_DriverIRQHandler</a> from startup_mcxn947_cm33_core0.o(.text) referenced from startup_mcxn947_cm33_core0.o(.text)
 <LI><a href="#[131]">PKC_ERR_DriverIRQHandler</a> from startup_mcxn947_cm33_core0.o(.text) referenced from startup_mcxn947_cm33_core0.o(.text)
 <LI><a href="#[92]">PKC_ERR_IRQHandler</a> from startup_mcxn947_cm33_core0.o(.text) referenced from startup_mcxn947_cm33_core0.o(.isr_vector)
 <LI><a href="#[55]">PKC_IRQHandler</a> from startup_mcxn947_cm33_core0.o(.text) referenced from startup_mcxn947_cm33_core0.o(.isr_vector)
 <LI><a href="#[f0]">PLU_DriverIRQHandler</a> from startup_mcxn947_cm33_core0.o(.text) referenced from startup_mcxn947_cm33_core0.o(.text)
 <LI><a href="#[51]">PLU_IRQHandler</a> from startup_mcxn947_cm33_core0.o(.text) referenced from startup_mcxn947_cm33_core0.o(.isr_vector)
 <LI><a href="#[13e]">PORT_EFT_DriverIRQHandler</a> from startup_mcxn947_cm33_core0.o(.text) referenced from startup_mcxn947_cm33_core0.o(.text)
 <LI><a href="#[9f]">PORT_EFT_IRQHandler</a> from startup_mcxn947_cm33_core0.o(.text) referenced from startup_mcxn947_cm33_core0.o(.isr_vector)
 <LI><a href="#[f6]">PQ_DriverIRQHandler</a> from startup_mcxn947_cm33_core0.o(.text) referenced from startup_mcxn947_cm33_core0.o(.text)
 <LI><a href="#[57]">PQ_IRQHandler</a> from startup_mcxn947_cm33_core0.o(.text) referenced from startup_mcxn947_cm33_core0.o(.isr_vector)
 <LI><a href="#[f5]">PUF_DriverIRQHandler</a> from startup_mcxn947_cm33_core0.o(.text) referenced from startup_mcxn947_cm33_core0.o(.text)
 <LI><a href="#[56]">PUF_IRQHandler</a> from startup_mcxn947_cm33_core0.o(.text) referenced from startup_mcxn947_cm33_core0.o(.isr_vector)
 <LI><a href="#[9]">PendSV_Handler</a> from startup_mcxn947_cm33_core0.o(.text) referenced from startup_mcxn947_cm33_core0.o(.isr_vector)
 <LI><a href="#[9]">PendSV_Handler</a> from startup_mcxn947_cm33_core0.o(.text) referenced from startup_mcxn947_cm33_core0.o(.text)
 <LI><a href="#[de]">RTC_DriverIRQHandler</a> from startup_mcxn947_cm33_core0.o(.text) referenced from startup_mcxn947_cm33_core0.o(.text)
 <LI><a href="#[3f]">RTC_IRQHandler</a> from startup_mcxn947_cm33_core0.o(.text) referenced from startup_mcxn947_cm33_core0.o(.isr_vector)
 <LI><a href="#[db]">Reserved65_DriverIRQHandler</a> from startup_mcxn947_cm33_core0.o(.text) referenced from startup_mcxn947_cm33_core0.o(.text)
 <LI><a href="#[3c]">Reserved65_IRQHandler</a> from startup_mcxn947_cm33_core0.o(.text) referenced from startup_mcxn947_cm33_core0.o(.isr_vector)
 <LI><a href="#[ea]">Reserved80_DriverIRQHandler</a> from startup_mcxn947_cm33_core0.o(.text) referenced from startup_mcxn947_cm33_core0.o(.text)
 <LI><a href="#[4b]">Reserved80_IRQHandler</a> from startup_mcxn947_cm33_core0.o(.text) referenced from startup_mcxn947_cm33_core0.o(.isr_vector)
 <LI><a href="#[eb]">Reserved81_DriverIRQHandler</a> from startup_mcxn947_cm33_core0.o(.text) referenced from startup_mcxn947_cm33_core0.o(.text)
 <LI><a href="#[4c]">Reserved81_IRQHandler</a> from startup_mcxn947_cm33_core0.o(.text) referenced from startup_mcxn947_cm33_core0.o(.isr_vector)
 <LI><a href="#[ef]">Reserved85_DriverIRQHandler</a> from startup_mcxn947_cm33_core0.o(.text) referenced from startup_mcxn947_cm33_core0.o(.text)
 <LI><a href="#[50]">Reserved85_IRQHandler</a> from startup_mcxn947_cm33_core0.o(.text) referenced from startup_mcxn947_cm33_core0.o(.isr_vector)
 <LI><a href="#[0]">Reset_Handler</a> from startup_mcxn947_cm33_core0.o(.text) referenced from startup_mcxn947_cm33_core0.o(.isr_vector)
 <LI><a href="#[e5]">SAI0_DriverIRQHandler</a> from startup_mcxn947_cm33_core0.o(.text) referenced from startup_mcxn947_cm33_core0.o(.text)
 <LI><a href="#[46]">SAI0_IRQHandler</a> from startup_mcxn947_cm33_core0.o(.text) referenced from startup_mcxn947_cm33_core0.o(.isr_vector)
 <LI><a href="#[e6]">SAI1_DriverIRQHandler</a> from startup_mcxn947_cm33_core0.o(.text) referenced from startup_mcxn947_cm33_core0.o(.text)
 <LI><a href="#[47]">SAI1_IRQHandler</a> from startup_mcxn947_cm33_core0.o(.text) referenced from startup_mcxn947_cm33_core0.o(.isr_vector)
 <LI><a href="#[13b]">SCG_DriverIRQHandler</a> from startup_mcxn947_cm33_core0.o(.text) referenced from startup_mcxn947_cm33_core0.o(.text)
 <LI><a href="#[9c]">SCG_IRQHandler</a> from startup_mcxn947_cm33_core0.o(.text) referenced from startup_mcxn947_cm33_core0.o(.isr_vector)
 <LI><a href="#[cb]">SCT0_DriverIRQHandler</a> from startup_mcxn947_cm33_core0.o(.text) referenced from startup_mcxn947_cm33_core0.o(.text)
 <LI><a href="#[2c]">SCT0_IRQHandler</a> from startup_mcxn947_cm33_core0.o(.text) referenced from startup_mcxn947_cm33_core0.o(.isr_vector)
 <LI><a href="#[ee]">SEC_HYPERVISOR_CALL_DriverIRQHandler</a> from startup_mcxn947_cm33_core0.o(.text) referenced from startup_mcxn947_cm33_core0.o(.text)
 <LI><a href="#[4f]">SEC_HYPERVISOR_CALL_IRQHandler</a> from startup_mcxn947_cm33_core0.o(.text) referenced from startup_mcxn947_cm33_core0.o(.isr_vector)
 <LI><a href="#[f2]">SEC_VIO_DriverIRQHandler</a> from startup_mcxn947_cm33_core0.o(.text) referenced from startup_mcxn947_cm33_core0.o(.text)
 <LI><a href="#[53]">SEC_VIO_IRQHandler</a> from startup_mcxn947_cm33_core0.o(.text) referenced from startup_mcxn947_cm33_core0.o(.isr_vector)
 <LI><a href="#[138]">SINC_FILTER_DriverIRQHandler</a> from startup_mcxn947_cm33_core0.o(.text) referenced from startup_mcxn947_cm33_core0.o(.text)
 <LI><a href="#[99]">SINC_FILTER_IRQHandler</a> from startup_mcxn947_cm33_core0.o(.text) referenced from startup_mcxn947_cm33_core0.o(.isr_vector)
 <LI><a href="#[140]">SM3_DriverIRQHandler</a> from startup_mcxn947_cm33_core0.o(.text) referenced from startup_mcxn947_cm33_core0.o(.text)
 <LI><a href="#[a1]">SM3_IRQHandler</a> from startup_mcxn947_cm33_core0.o(.text) referenced from startup_mcxn947_cm33_core0.o(.isr_vector)
 <LI><a href="#[df]">SMARTDMA_DriverIRQHandler</a> from startup_mcxn947_cm33_core0.o(.text) referenced from startup_mcxn947_cm33_core0.o(.text)
 <LI><a href="#[40]">SMARTDMA_IRQHandler</a> from startup_mcxn947_cm33_core0.o(.text) referenced from startup_mcxn947_cm33_core0.o(.isr_vector)
 <LI><a href="#[13c]">SPC_DriverIRQHandler</a> from startup_mcxn947_cm33_core0.o(.text) referenced from startup_mcxn947_cm33_core0.o(.text)
 <LI><a href="#[9d]">SPC_IRQHandler</a> from startup_mcxn947_cm33_core0.o(.text) referenced from startup_mcxn947_cm33_core0.o(.isr_vector)
 <LI><a href="#[7]">SVC_Handler</a> from startup_mcxn947_cm33_core0.o(.text) referenced from startup_mcxn947_cm33_core0.o(.isr_vector)
 <LI><a href="#[7]">SVC_Handler</a> from startup_mcxn947_cm33_core0.o(.text) referenced from startup_mcxn947_cm33_core0.o(.text)
 <LI><a href="#[6]">SecureFault_Handler</a> from startup_mcxn947_cm33_core0.o(.text) referenced from startup_mcxn947_cm33_core0.o(.isr_vector)
 <LI><a href="#[a]">SysTick_Handler</a> from startup_mcxn947_cm33_core0.o(.text) referenced from startup_mcxn947_cm33_core0.o(.isr_vector)
 <LI><a href="#[a]">SysTick_Handler</a> from startup_mcxn947_cm33_core0.o(.text) referenced from startup_mcxn947_cm33_core0.o(.text)
 <LI><a href="#[a8]">SystemInit</a> from system_mcxn947_cm33_core0.o(.text.SystemInit) referenced from startup_mcxn947_cm33_core0.o(.text)
 <LI><a href="#[141]">TRNG0_DriverIRQHandler</a> from startup_mcxn947_cm33_core0.o(.text) referenced from startup_mcxn947_cm33_core0.o(.text)
 <LI><a href="#[a2]">TRNG0_IRQHandler</a> from startup_mcxn947_cm33_core0.o(.text) referenced from startup_mcxn947_cm33_core0.o(.isr_vector)
 <LI><a href="#[10f]">TSI_END_OF_SCAN_DriverIRQHandler</a> from startup_mcxn947_cm33_core0.o(.text) referenced from startup_mcxn947_cm33_core0.o(.text)
 <LI><a href="#[70]">TSI_END_OF_SCAN_IRQHandler</a> from startup_mcxn947_cm33_core0.o(.text) referenced from startup_mcxn947_cm33_core0.o(.isr_vector)
 <LI><a href="#[110]">TSI_OUT_OF_SCAN_DriverIRQHandler</a> from startup_mcxn947_cm33_core0.o(.text) referenced from startup_mcxn947_cm33_core0.o(.text)
 <LI><a href="#[71]">TSI_OUT_OF_SCAN_IRQHandler</a> from startup_mcxn947_cm33_core0.o(.text) referenced from startup_mcxn947_cm33_core0.o(.isr_vector)
 <LI><a href="#[dd]">USB0_DCD_DriverIRQHandler</a> from startup_mcxn947_cm33_core0.o(.text) referenced from startup_mcxn947_cm33_core0.o(.text)
 <LI><a href="#[3e]">USB0_DCD_IRQHandler</a> from startup_mcxn947_cm33_core0.o(.text) referenced from startup_mcxn947_cm33_core0.o(.isr_vector)
 <LI><a href="#[dc]">USB0_FS_DriverIRQHandler</a> from startup_mcxn947_cm33_core0.o(.text) referenced from startup_mcxn947_cm33_core0.o(.text)
 <LI><a href="#[3d]">USB0_FS_IRQHandler</a> from startup_mcxn947_cm33_core0.o(.text) referenced from startup_mcxn947_cm33_core0.o(.isr_vector)
 <LI><a href="#[ed]">USB1_HS_DriverIRQHandler</a> from startup_mcxn947_cm33_core0.o(.text) referenced from startup_mcxn947_cm33_core0.o(.text)
 <LI><a href="#[4e]">USB1_HS_IRQHandler</a> from startup_mcxn947_cm33_core0.o(.text) referenced from startup_mcxn947_cm33_core0.o(.isr_vector)
 <LI><a href="#[ec]">USB1_HS_PHY_DriverIRQHandler</a> from startup_mcxn947_cm33_core0.o(.text) referenced from startup_mcxn947_cm33_core0.o(.text)
 <LI><a href="#[4d]">USB1_HS_PHY_IRQHandler</a> from startup_mcxn947_cm33_core0.o(.text) referenced from startup_mcxn947_cm33_core0.o(.isr_vector)
 <LI><a href="#[e7]">USDHC0_DriverIRQHandler</a> from startup_mcxn947_cm33_core0.o(.text) referenced from startup_mcxn947_cm33_core0.o(.text)
 <LI><a href="#[48]">USDHC0_IRQHandler</a> from startup_mcxn947_cm33_core0.o(.text) referenced from startup_mcxn947_cm33_core0.o(.isr_vector)
 <LI><a href="#[c7]">UTICK0_DriverIRQHandler</a> from startup_mcxn947_cm33_core0.o(.text) referenced from startup_mcxn947_cm33_core0.o(.text)
 <LI><a href="#[28]">UTICK0_IRQHandler</a> from startup_mcxn947_cm33_core0.o(.text) referenced from startup_mcxn947_cm33_core0.o(.isr_vector)
 <LI><a href="#[5]">UsageFault_Handler</a> from startup_mcxn947_cm33_core0.o(.text) referenced from startup_mcxn947_cm33_core0.o(.isr_vector)
 <LI><a href="#[10d]">VBAT0_DriverIRQHandler</a> from startup_mcxn947_cm33_core0.o(.text) referenced from startup_mcxn947_cm33_core0.o(.text)
 <LI><a href="#[6e]">VBAT0_IRQHandler</a> from startup_mcxn947_cm33_core0.o(.text) referenced from startup_mcxn947_cm33_core0.o(.isr_vector)
 <LI><a href="#[13d]">WUU_DriverIRQHandler</a> from startup_mcxn947_cm33_core0.o(.text) referenced from startup_mcxn947_cm33_core0.o(.text)
 <LI><a href="#[9e]">WUU_IRQHandler</a> from startup_mcxn947_cm33_core0.o(.text) referenced from startup_mcxn947_cm33_core0.o(.isr_vector)
 <LI><a href="#[142]">WWDT0_DriverIRQHandler</a> from startup_mcxn947_cm33_core0.o(.text) referenced from startup_mcxn947_cm33_core0.o(.text)
 <LI><a href="#[a3]">WWDT0_IRQHandler</a> from startup_mcxn947_cm33_core0.o(.text) referenced from startup_mcxn947_cm33_core0.o(.isr_vector)
 <LI><a href="#[143]">WWDT1_DriverIRQHandler</a> from startup_mcxn947_cm33_core0.o(.text) referenced from startup_mcxn947_cm33_core0.o(.text)
 <LI><a href="#[a4]">WWDT1_IRQHandler</a> from startup_mcxn947_cm33_core0.o(.text) referenced from startup_mcxn947_cm33_core0.o(.isr_vector)
 <LI><a href="#[a9]">__main</a> from entry.o(.ARM.Collect$$$$00000000) referenced from startup_mcxn947_cm33_core0.o(.text)
 <LI><a href="#[a7]">main</a> from ezh_camera.o(.text.main) referenced from entry9a.o(.ARM.Collect$$$$0000000B)
</UL>
<P>
<H3>
Global Symbols
</H3>
<P><STRONG><a name="[a9]"></a>__main</STRONG> (Thumb, 0 bytes, Stack size unknown bytes, entry.o(.ARM.Collect$$$$00000000))
<BR>[Address Reference Count : 1]<UL><LI> startup_mcxn947_cm33_core0.o(.text)
</UL>
<P><STRONG><a name="[14b]"></a>_main_stk</STRONG> (Thumb, 0 bytes, Stack size unknown bytes, entry4.o(.ARM.Collect$$$$00000003))

<P><STRONG><a name="[147]"></a>_main_scatterload</STRONG> (Thumb, 0 bytes, Stack size unknown bytes, entry5.o(.ARM.Collect$$$$00000004))
<BR><BR>[Calls]<UL><LI><a href="#[148]">&gt;&gt;</a>&nbsp;&nbsp;&nbsp;__scatterload
</UL>

<P><STRONG><a name="[149]"></a>__main_after_scatterload</STRONG> (Thumb, 0 bytes, Stack size unknown bytes, entry5.o(.ARM.Collect$$$$00000004))
<BR><BR>[Called By]<UL><LI><a href="#[148]">&gt;&gt;</a>&nbsp;&nbsp;&nbsp;__scatterload
</UL>

<P><STRONG><a name="[14c]"></a>_main_clock</STRONG> (Thumb, 0 bytes, Stack size unknown bytes, entry7b.o(.ARM.Collect$$$$00000008))

<P><STRONG><a name="[14d]"></a>_main_cpp_init</STRONG> (Thumb, 0 bytes, Stack size unknown bytes, entry8b.o(.ARM.Collect$$$$0000000A))

<P><STRONG><a name="[14e]"></a>_main_init</STRONG> (Thumb, 0 bytes, Stack size unknown bytes, entry9a.o(.ARM.Collect$$$$0000000B))

<P><STRONG><a name="[14f]"></a>__rt_final_cpp</STRONG> (Thumb, 0 bytes, Stack size unknown bytes, entry10a.o(.ARM.Collect$$$$0000000D))

<P><STRONG><a name="[150]"></a>__rt_final_exit</STRONG> (Thumb, 0 bytes, Stack size unknown bytes, entry11a.o(.ARM.Collect$$$$0000000F))

<P><STRONG><a name="[0]"></a>Reset_Handler</STRONG> (Thumb, 52 bytes, Stack size unknown bytes, startup_mcxn947_cm33_core0.o(.text))
<BR>[Address Reference Count : 1]<UL><LI> startup_mcxn947_cm33_core0.o(.isr_vector)
</UL>
<P><STRONG><a name="[d7]"></a>ADC0_DriverIRQHandler</STRONG> (Thumb, 4 bytes, Stack size unknown bytes, startup_mcxn947_cm33_core0.o(.text))
<BR><BR>[Calls]<UL><LI><a href="#[146]">&gt;&gt;</a>&nbsp;&nbsp;&nbsp;DefaultISR
</UL>
<BR>[Address Reference Count : 1]<UL><LI> startup_mcxn947_cm33_core0.o(.text)
</UL>
<P><STRONG><a name="[d8]"></a>ADC1_DriverIRQHandler</STRONG> (Thumb, 4 bytes, Stack size unknown bytes, startup_mcxn947_cm33_core0.o(.text))
<BR>[Address Reference Count : 1]<UL><LI> startup_mcxn947_cm33_core0.o(.text)
</UL>
<P><STRONG><a name="[12f]"></a>BSP32_DriverIRQHandler</STRONG> (Thumb, 4 bytes, Stack size unknown bytes, startup_mcxn947_cm33_core0.o(.text))
<BR>[Address Reference Count : 1]<UL><LI> startup_mcxn947_cm33_core0.o(.text)
</UL>
<P><STRONG><a name="[4]"></a>BusFault_Handler</STRONG> (Thumb, 4 bytes, Stack size unknown bytes, startup_mcxn947_cm33_core0.o(.text))
<BR>[Address Reference Count : 1]<UL><LI> startup_mcxn947_cm33_core0.o(.isr_vector)
</UL>
<P><STRONG><a name="[e8]"></a>CAN0_DriverIRQHandler</STRONG> (Thumb, 4 bytes, Stack size unknown bytes, startup_mcxn947_cm33_core0.o(.text))
<BR>[Address Reference Count : 1]<UL><LI> startup_mcxn947_cm33_core0.o(.text)
</UL>
<P><STRONG><a name="[e9]"></a>CAN1_DriverIRQHandler</STRONG> (Thumb, 4 bytes, Stack size unknown bytes, startup_mcxn947_cm33_core0.o(.text))
<BR>[Address Reference Count : 1]<UL><LI> startup_mcxn947_cm33_core0.o(.text)
</UL>
<P><STRONG><a name="[107]"></a>CDOG0_DriverIRQHandler</STRONG> (Thumb, 4 bytes, Stack size unknown bytes, startup_mcxn947_cm33_core0.o(.text))
<BR>[Address Reference Count : 1]<UL><LI> startup_mcxn947_cm33_core0.o(.text)
</UL>
<P><STRONG><a name="[108]"></a>CDOG1_DriverIRQHandler</STRONG> (Thumb, 4 bytes, Stack size unknown bytes, startup_mcxn947_cm33_core0.o(.text))
<BR>[Address Reference Count : 1]<UL><LI> startup_mcxn947_cm33_core0.o(.text)
</UL>
<P><STRONG><a name="[144]"></a>CMC0_DriverIRQHandler</STRONG> (Thumb, 4 bytes, Stack size unknown bytes, startup_mcxn947_cm33_core0.o(.text))
<BR>[Address Reference Count : 1]<UL><LI> startup_mcxn947_cm33_core0.o(.text)
</UL>
<P><STRONG><a name="[145]"></a>CTI0_DriverIRQHandler</STRONG> (Thumb, 4 bytes, Stack size unknown bytes, startup_mcxn947_cm33_core0.o(.text))
<BR>[Address Reference Count : 1]<UL><LI> startup_mcxn947_cm33_core0.o(.text)
</UL>
<P><STRONG><a name="[c9]"></a>CTIMER0_DriverIRQHandler</STRONG> (Thumb, 4 bytes, Stack size unknown bytes, startup_mcxn947_cm33_core0.o(.text))
<BR>[Address Reference Count : 1]<UL><LI> startup_mcxn947_cm33_core0.o(.text)
</UL>
<P><STRONG><a name="[ca]"></a>CTIMER1_DriverIRQHandler</STRONG> (Thumb, 4 bytes, Stack size unknown bytes, startup_mcxn947_cm33_core0.o(.text))
<BR>[Address Reference Count : 1]<UL><LI> startup_mcxn947_cm33_core0.o(.text)
</UL>
<P><STRONG><a name="[cc]"></a>CTIMER2_DriverIRQHandler</STRONG> (Thumb, 4 bytes, Stack size unknown bytes, startup_mcxn947_cm33_core0.o(.text))
<BR>[Address Reference Count : 1]<UL><LI> startup_mcxn947_cm33_core0.o(.text)
</UL>
<P><STRONG><a name="[e1]"></a>CTIMER3_DriverIRQHandler</STRONG> (Thumb, 4 bytes, Stack size unknown bytes, startup_mcxn947_cm33_core0.o(.text))
<BR>[Address Reference Count : 1]<UL><LI> startup_mcxn947_cm33_core0.o(.text)
</UL>
<P><STRONG><a name="[e2]"></a>CTIMER4_DriverIRQHandler</STRONG> (Thumb, 4 bytes, Stack size unknown bytes, startup_mcxn947_cm33_core0.o(.text))
<BR>[Address Reference Count : 1]<UL><LI> startup_mcxn947_cm33_core0.o(.text)
</UL>
<P><STRONG><a name="[114]"></a>DAC0_DriverIRQHandler</STRONG> (Thumb, 4 bytes, Stack size unknown bytes, startup_mcxn947_cm33_core0.o(.text))
<BR>[Address Reference Count : 1]<UL><LI> startup_mcxn947_cm33_core0.o(.text)
</UL>
<P><STRONG><a name="[115]"></a>DAC1_DriverIRQHandler</STRONG> (Thumb, 4 bytes, Stack size unknown bytes, startup_mcxn947_cm33_core0.o(.text))
<BR>[Address Reference Count : 1]<UL><LI> startup_mcxn947_cm33_core0.o(.text)
</UL>
<P><STRONG><a name="[116]"></a>DAC2_DriverIRQHandler</STRONG> (Thumb, 4 bytes, Stack size unknown bytes, startup_mcxn947_cm33_core0.o(.text))
<BR>[Address Reference Count : 1]<UL><LI> startup_mcxn947_cm33_core0.o(.text)
</UL>
<P><STRONG><a name="[8]"></a>DebugMon_Handler</STRONG> (Thumb, 4 bytes, Stack size unknown bytes, startup_mcxn947_cm33_core0.o(.text))
<BR>[Address Reference Count : 1]<UL><LI> startup_mcxn947_cm33_core0.o(.isr_vector)
</UL>
<P><STRONG><a name="[146]"></a>DefaultISR</STRONG> (Thumb, 4 bytes, Stack size unknown bytes, startup_mcxn947_cm33_core0.o(.text))
<BR><BR>[Called By]<UL><LI><a href="#[d7]">&gt;&gt;</a>&nbsp;&nbsp;&nbsp;ADC0_DriverIRQHandler
</UL>

<P><STRONG><a name="[ab]"></a>EDMA_0_CH0_DriverIRQHandler</STRONG> (Thumb, 4 bytes, Stack size unknown bytes, startup_mcxn947_cm33_core0.o(.text))
<BR>[Address Reference Count : 1]<UL><LI> startup_mcxn947_cm33_core0.o(.text)
</UL>
<P><STRONG><a name="[b5]"></a>EDMA_0_CH10_DriverIRQHandler</STRONG> (Thumb, 4 bytes, Stack size unknown bytes, startup_mcxn947_cm33_core0.o(.text))
<BR>[Address Reference Count : 1]<UL><LI> startup_mcxn947_cm33_core0.o(.text)
</UL>
<P><STRONG><a name="[b6]"></a>EDMA_0_CH11_DriverIRQHandler</STRONG> (Thumb, 4 bytes, Stack size unknown bytes, startup_mcxn947_cm33_core0.o(.text))
<BR>[Address Reference Count : 1]<UL><LI> startup_mcxn947_cm33_core0.o(.text)
</UL>
<P><STRONG><a name="[b7]"></a>EDMA_0_CH12_DriverIRQHandler</STRONG> (Thumb, 4 bytes, Stack size unknown bytes, startup_mcxn947_cm33_core0.o(.text))
<BR>[Address Reference Count : 1]<UL><LI> startup_mcxn947_cm33_core0.o(.text)
</UL>
<P><STRONG><a name="[b8]"></a>EDMA_0_CH13_DriverIRQHandler</STRONG> (Thumb, 4 bytes, Stack size unknown bytes, startup_mcxn947_cm33_core0.o(.text))
<BR>[Address Reference Count : 1]<UL><LI> startup_mcxn947_cm33_core0.o(.text)
</UL>
<P><STRONG><a name="[b9]"></a>EDMA_0_CH14_DriverIRQHandler</STRONG> (Thumb, 4 bytes, Stack size unknown bytes, startup_mcxn947_cm33_core0.o(.text))
<BR>[Address Reference Count : 1]<UL><LI> startup_mcxn947_cm33_core0.o(.text)
</UL>
<P><STRONG><a name="[ba]"></a>EDMA_0_CH15_DriverIRQHandler</STRONG> (Thumb, 4 bytes, Stack size unknown bytes, startup_mcxn947_cm33_core0.o(.text))
<BR>[Address Reference Count : 1]<UL><LI> startup_mcxn947_cm33_core0.o(.text)
</UL>
<P><STRONG><a name="[ac]"></a>EDMA_0_CH1_DriverIRQHandler</STRONG> (Thumb, 4 bytes, Stack size unknown bytes, startup_mcxn947_cm33_core0.o(.text))
<BR>[Address Reference Count : 1]<UL><LI> startup_mcxn947_cm33_core0.o(.text)
</UL>
<P><STRONG><a name="[ad]"></a>EDMA_0_CH2_DriverIRQHandler</STRONG> (Thumb, 4 bytes, Stack size unknown bytes, startup_mcxn947_cm33_core0.o(.text))
<BR>[Address Reference Count : 1]<UL><LI> startup_mcxn947_cm33_core0.o(.text)
</UL>
<P><STRONG><a name="[ae]"></a>EDMA_0_CH3_DriverIRQHandler</STRONG> (Thumb, 4 bytes, Stack size unknown bytes, startup_mcxn947_cm33_core0.o(.text))
<BR>[Address Reference Count : 1]<UL><LI> startup_mcxn947_cm33_core0.o(.text)
</UL>
<P><STRONG><a name="[af]"></a>EDMA_0_CH4_DriverIRQHandler</STRONG> (Thumb, 4 bytes, Stack size unknown bytes, startup_mcxn947_cm33_core0.o(.text))
<BR>[Address Reference Count : 1]<UL><LI> startup_mcxn947_cm33_core0.o(.text)
</UL>
<P><STRONG><a name="[b0]"></a>EDMA_0_CH5_DriverIRQHandler</STRONG> (Thumb, 4 bytes, Stack size unknown bytes, startup_mcxn947_cm33_core0.o(.text))
<BR>[Address Reference Count : 1]<UL><LI> startup_mcxn947_cm33_core0.o(.text)
</UL>
<P><STRONG><a name="[b1]"></a>EDMA_0_CH6_DriverIRQHandler</STRONG> (Thumb, 4 bytes, Stack size unknown bytes, startup_mcxn947_cm33_core0.o(.text))
<BR>[Address Reference Count : 1]<UL><LI> startup_mcxn947_cm33_core0.o(.text)
</UL>
<P><STRONG><a name="[b2]"></a>EDMA_0_CH7_DriverIRQHandler</STRONG> (Thumb, 4 bytes, Stack size unknown bytes, startup_mcxn947_cm33_core0.o(.text))
<BR>[Address Reference Count : 1]<UL><LI> startup_mcxn947_cm33_core0.o(.text)
</UL>
<P><STRONG><a name="[b3]"></a>EDMA_0_CH8_DriverIRQHandler</STRONG> (Thumb, 4 bytes, Stack size unknown bytes, startup_mcxn947_cm33_core0.o(.text))
<BR>[Address Reference Count : 1]<UL><LI> startup_mcxn947_cm33_core0.o(.text)
</UL>
<P><STRONG><a name="[b4]"></a>EDMA_0_CH9_DriverIRQHandler</STRONG> (Thumb, 4 bytes, Stack size unknown bytes, startup_mcxn947_cm33_core0.o(.text))
<BR>[Address Reference Count : 1]<UL><LI> startup_mcxn947_cm33_core0.o(.text)
</UL>
<P><STRONG><a name="[f7]"></a>EDMA_1_CH0_DriverIRQHandler</STRONG> (Thumb, 4 bytes, Stack size unknown bytes, startup_mcxn947_cm33_core0.o(.text))
<BR>[Address Reference Count : 1]<UL><LI> startup_mcxn947_cm33_core0.o(.text)
</UL>
<P><STRONG><a name="[101]"></a>EDMA_1_CH10_DriverIRQHandler</STRONG> (Thumb, 4 bytes, Stack size unknown bytes, startup_mcxn947_cm33_core0.o(.text))
<BR>[Address Reference Count : 1]<UL><LI> startup_mcxn947_cm33_core0.o(.text)
</UL>
<P><STRONG><a name="[102]"></a>EDMA_1_CH11_DriverIRQHandler</STRONG> (Thumb, 4 bytes, Stack size unknown bytes, startup_mcxn947_cm33_core0.o(.text))
<BR>[Address Reference Count : 1]<UL><LI> startup_mcxn947_cm33_core0.o(.text)
</UL>
<P><STRONG><a name="[103]"></a>EDMA_1_CH12_DriverIRQHandler</STRONG> (Thumb, 4 bytes, Stack size unknown bytes, startup_mcxn947_cm33_core0.o(.text))
<BR>[Address Reference Count : 1]<UL><LI> startup_mcxn947_cm33_core0.o(.text)
</UL>
<P><STRONG><a name="[104]"></a>EDMA_1_CH13_DriverIRQHandler</STRONG> (Thumb, 4 bytes, Stack size unknown bytes, startup_mcxn947_cm33_core0.o(.text))
<BR>[Address Reference Count : 1]<UL><LI> startup_mcxn947_cm33_core0.o(.text)
</UL>
<P><STRONG><a name="[105]"></a>EDMA_1_CH14_DriverIRQHandler</STRONG> (Thumb, 4 bytes, Stack size unknown bytes, startup_mcxn947_cm33_core0.o(.text))
<BR>[Address Reference Count : 1]<UL><LI> startup_mcxn947_cm33_core0.o(.text)
</UL>
<P><STRONG><a name="[106]"></a>EDMA_1_CH15_DriverIRQHandler</STRONG> (Thumb, 4 bytes, Stack size unknown bytes, startup_mcxn947_cm33_core0.o(.text))
<BR>[Address Reference Count : 1]<UL><LI> startup_mcxn947_cm33_core0.o(.text)
</UL>
<P><STRONG><a name="[f8]"></a>EDMA_1_CH1_DriverIRQHandler</STRONG> (Thumb, 4 bytes, Stack size unknown bytes, startup_mcxn947_cm33_core0.o(.text))
<BR>[Address Reference Count : 1]<UL><LI> startup_mcxn947_cm33_core0.o(.text)
</UL>
<P><STRONG><a name="[f9]"></a>EDMA_1_CH2_DriverIRQHandler</STRONG> (Thumb, 4 bytes, Stack size unknown bytes, startup_mcxn947_cm33_core0.o(.text))
<BR>[Address Reference Count : 1]<UL><LI> startup_mcxn947_cm33_core0.o(.text)
</UL>
<P><STRONG><a name="[fa]"></a>EDMA_1_CH3_DriverIRQHandler</STRONG> (Thumb, 4 bytes, Stack size unknown bytes, startup_mcxn947_cm33_core0.o(.text))
<BR>[Address Reference Count : 1]<UL><LI> startup_mcxn947_cm33_core0.o(.text)
</UL>
<P><STRONG><a name="[fb]"></a>EDMA_1_CH4_DriverIRQHandler</STRONG> (Thumb, 4 bytes, Stack size unknown bytes, startup_mcxn947_cm33_core0.o(.text))
<BR>[Address Reference Count : 1]<UL><LI> startup_mcxn947_cm33_core0.o(.text)
</UL>
<P><STRONG><a name="[fc]"></a>EDMA_1_CH5_DriverIRQHandler</STRONG> (Thumb, 4 bytes, Stack size unknown bytes, startup_mcxn947_cm33_core0.o(.text))
<BR>[Address Reference Count : 1]<UL><LI> startup_mcxn947_cm33_core0.o(.text)
</UL>
<P><STRONG><a name="[fd]"></a>EDMA_1_CH6_DriverIRQHandler</STRONG> (Thumb, 4 bytes, Stack size unknown bytes, startup_mcxn947_cm33_core0.o(.text))
<BR>[Address Reference Count : 1]<UL><LI> startup_mcxn947_cm33_core0.o(.text)
</UL>
<P><STRONG><a name="[fe]"></a>EDMA_1_CH7_DriverIRQHandler</STRONG> (Thumb, 4 bytes, Stack size unknown bytes, startup_mcxn947_cm33_core0.o(.text))
<BR>[Address Reference Count : 1]<UL><LI> startup_mcxn947_cm33_core0.o(.text)
</UL>
<P><STRONG><a name="[ff]"></a>EDMA_1_CH8_DriverIRQHandler</STRONG> (Thumb, 4 bytes, Stack size unknown bytes, startup_mcxn947_cm33_core0.o(.text))
<BR>[Address Reference Count : 1]<UL><LI> startup_mcxn947_cm33_core0.o(.text)
</UL>
<P><STRONG><a name="[100]"></a>EDMA_1_CH9_DriverIRQHandler</STRONG> (Thumb, 4 bytes, Stack size unknown bytes, startup_mcxn947_cm33_core0.o(.text))
<BR>[Address Reference Count : 1]<UL><LI> startup_mcxn947_cm33_core0.o(.text)
</UL>
<P><STRONG><a name="[f3]"></a>ELS_DriverIRQHandler</STRONG> (Thumb, 4 bytes, Stack size unknown bytes, startup_mcxn947_cm33_core0.o(.text))
<BR>[Address Reference Count : 1]<UL><LI> startup_mcxn947_cm33_core0.o(.text)
</UL>
<P><STRONG><a name="[130]"></a>ELS_ERR_DriverIRQHandler</STRONG> (Thumb, 4 bytes, Stack size unknown bytes, startup_mcxn947_cm33_core0.o(.text))
<BR>[Address Reference Count : 1]<UL><LI> startup_mcxn947_cm33_core0.o(.text)
</UL>
<P><STRONG><a name="[111]"></a>EMVSIM0_DriverIRQHandler</STRONG> (Thumb, 4 bytes, Stack size unknown bytes, startup_mcxn947_cm33_core0.o(.text))
<BR>[Address Reference Count : 1]<UL><LI> startup_mcxn947_cm33_core0.o(.text)
</UL>
<P><STRONG><a name="[112]"></a>EMVSIM1_DriverIRQHandler</STRONG> (Thumb, 4 bytes, Stack size unknown bytes, startup_mcxn947_cm33_core0.o(.text))
<BR>[Address Reference Count : 1]<UL><LI> startup_mcxn947_cm33_core0.o(.text)
</UL>
<P><STRONG><a name="[126]"></a>ENC0_COMPARE_DriverIRQHandler</STRONG> (Thumb, 4 bytes, Stack size unknown bytes, startup_mcxn947_cm33_core0.o(.text))
<BR>[Address Reference Count : 1]<UL><LI> startup_mcxn947_cm33_core0.o(.text)
</UL>
<P><STRONG><a name="[127]"></a>ENC0_HOME_DriverIRQHandler</STRONG> (Thumb, 4 bytes, Stack size unknown bytes, startup_mcxn947_cm33_core0.o(.text))
<BR>[Address Reference Count : 1]<UL><LI> startup_mcxn947_cm33_core0.o(.text)
</UL>
<P><STRONG><a name="[129]"></a>ENC0_IDX_DriverIRQHandler</STRONG> (Thumb, 4 bytes, Stack size unknown bytes, startup_mcxn947_cm33_core0.o(.text))
<BR>[Address Reference Count : 1]<UL><LI> startup_mcxn947_cm33_core0.o(.text)
</UL>
<P><STRONG><a name="[128]"></a>ENC0_WDG_SAB_DriverIRQHandler</STRONG> (Thumb, 4 bytes, Stack size unknown bytes, startup_mcxn947_cm33_core0.o(.text))
<BR>[Address Reference Count : 1]<UL><LI> startup_mcxn947_cm33_core0.o(.text)
</UL>
[...]
<BR>[Address Reference Count : 1]<UL><LI> startup_mcxn947_cm33_core0.o(.isr_vector)
</UL>
<P><STRONG><a name="[59]"></a>EDMA_1_CH1_IRQHandler</STRONG> (Thumb, 4 bytes, Stack size unknown bytes, startup_mcxn947_cm33_core0.o(.text))
<BR>[Address Reference Count : 1]<UL><LI> startup_mcxn947_cm33_core0.o(.isr_vector)
</UL>
<P><STRONG><a name="[5a]"></a>EDMA_1_CH2_IRQHandler</STRONG> (Thumb, 4 bytes, Stack size unknown bytes, startup_mcxn947_cm33_core0.o(.text))
<BR>[Address Reference Count : 1]<UL><LI> startup_mcxn947_cm33_core0.o(.isr_vector)
</UL>
<P><STRONG><a name="[5b]"></a>EDMA_1_CH3_IRQHandler</STRONG> (Thumb, 4 bytes, Stack size unknown bytes, startup_mcxn947_cm33_core0.o(.text))
<BR>[Address Reference Count : 1]<UL><LI> startup_mcxn947_cm33_core0.o(.isr_vector)
</UL>
<P><STRONG><a name="[5c]"></a>EDMA_1_CH4_IRQHandler</STRONG> (Thumb, 4 bytes, Stack size unknown bytes, startup_mcxn947_cm33_core0.o(.text))
<BR>[Address Reference Count : 1]<UL><LI> startup_mcxn947_cm33_core0.o(.isr_vector)
</UL>
<P><STRONG><a name="[5d]"></a>EDMA_1_CH5_IRQHandler</STRONG> (Thumb, 4 bytes, Stack size unknown bytes, startup_mcxn947_cm33_core0.o(.text))
<BR>[Address Reference Count : 1]<UL><LI> startup_mcxn947_cm33_core0.o(.isr_vector)
</UL>
<P><STRONG><a name="[5e]"></a>EDMA_1_CH6_IRQHandler</STRONG> (Thumb, 4 bytes, Stack size unknown bytes, startup_mcxn947_cm33_core0.o(.text))
<BR>[Address Reference Count : 1]<UL><LI> startup_mcxn947_cm33_core0.o(.isr_vector)
</UL>
<P><STRONG><a name="[5f]"></a>EDMA_1_CH7_IRQHandler</STRONG> (Thumb, 4 bytes, Stack size unknown bytes, startup_mcxn947_cm33_core0.o(.text))
<BR>[Address Reference Count : 1]<UL><LI> startup_mcxn947_cm33_core0.o(.isr_vector)
</UL>
<P><STRONG><a name="[60]"></a>EDMA_1_CH8_IRQHandler</STRONG> (Thumb, 4 bytes, Stack size unknown bytes, startup_mcxn947_cm33_core0.o(.text))
<BR>[Address Reference Count : 1]<UL><LI> startup_mcxn947_cm33_core0.o(.isr_vector)
</UL>
<P><STRONG><a name="[61]"></a>EDMA_1_CH9_IRQHandler</STRONG> (Thumb, 4 bytes, Stack size unknown bytes, startup_mcxn947_cm33_core0.o(.text))
<BR>[Address Reference Count : 1]<UL><LI> startup_mcxn947_cm33_core0.o(.isr_vector)
</UL>
<P><STRONG><a name="[62]"></a>EDMA_1_CH10_IRQHandler</STRONG> (Thumb, 4 bytes, Stack size unknown bytes, startup_mcxn947_cm33_core0.o(.text))
<BR>[Address Reference Count : 1]<UL><LI> startup_mcxn947_cm33_core0.o(.isr_vector)
</UL>
<P><STRONG><a name="[63]"></a>EDMA_1_CH11_IRQHandler</STRONG> (Thumb, 4 bytes, Stack size unknown bytes, startup_mcxn947_cm33_core0.o(.text))
<BR>[Address Reference Count : 1]<UL><LI> startup_mcxn947_cm33_core0.o(.isr_vector)
</UL>
<P><STRONG><a name="[64]"></a>EDMA_1_CH12_IRQHandler</STRONG> (Thumb, 4 bytes, Stack size unknown bytes, startup_mcxn947_cm33_core0.o(.text))
<BR>[Address Reference Count : 1]<UL><LI> startup_mcxn947_cm33_core0.o(.isr_vector)
</UL>
<P><STRONG><a name="[65]"></a>EDMA_1_CH13_IRQHandler</STRONG> (Thumb, 4 bytes, Stack size unknown bytes, startup_mcxn947_cm33_core0.o(.text))
<BR>[Address Reference Count : 1]<UL><LI> startup_mcxn947_cm33_core0.o(.isr_vector)
</UL>
<P><STRONG><a name="[66]"></a>EDMA_1_CH14_IRQHandler</STRONG> (Thumb, 4 bytes, Stack size unknown bytes, startup_mcxn947_cm33_core0.o(.text))
<BR>[Address Reference Count : 1]<UL><LI> startup_mcxn947_cm33_core0.o(.isr_vector)
</UL>
<P><STRONG><a name="[67]"></a>EDMA_1_CH15_IRQHandler</STRONG> (Thumb, 4 bytes, Stack size unknown bytes, startup_mcxn947_cm33_core0.o(.text))
<BR>[Address Reference Count : 1]<UL><LI> startup_mcxn947_cm33_core0.o(.isr_vector)
</UL>
<P><STRONG><a name="[68]"></a>CDOG0_IRQHandler</STRONG> (Thumb, 4 bytes, Stack size unknown bytes, startup_mcxn947_cm33_core0.o(.text))
<BR>[Address Reference Count : 1]<UL><LI> startup_mcxn947_cm33_core0.o(.isr_vector)
</UL>
<P><STRONG><a name="[69]"></a>CDOG1_IRQHandler</STRONG> (Thumb, 4 bytes, Stack size unknown bytes, startup_mcxn947_cm33_core0.o(.text))
<BR>[Address Reference Count : 1]<UL><LI> startup_mcxn947_cm33_core0.o(.isr_vector)
</UL>
<P><STRONG><a name="[6a]"></a>I3C0_IRQHandler</STRONG> (Thumb, 4 bytes, Stack size unknown bytes, startup_mcxn947_cm33_core0.o(.text))
<BR>[Address Reference Count : 1]<UL><LI> startup_mcxn947_cm33_core0.o(.isr_vector)
</UL>
<P><STRONG><a name="[6b]"></a>I3C1_IRQHandler</STRONG> (Thumb, 4 bytes, Stack size unknown bytes, startup_mcxn947_cm33_core0.o(.text))
<BR>[Address Reference Count : 1]<UL><LI> startup_mcxn947_cm33_core0.o(.isr_vector)
</UL>
<P><STRONG><a name="[6c]"></a>NPU_IRQHandler</STRONG> (Thumb, 4 bytes, Stack size unknown bytes, startup_mcxn947_cm33_core0.o(.text))
<BR>[Address Reference Count : 1]<UL><LI> startup_mcxn947_cm33_core0.o(.isr_vector)
</UL>
<P><STRONG><a name="[6d]"></a>GDET_IRQHandler</STRONG> (Thumb, 4 bytes, Stack size unknown bytes, startup_mcxn947_cm33_core0.o(.text))
<BR>[Address Reference Count : 1]<UL><LI> startup_mcxn947_cm33_core0.o(.isr_vector)
</UL>
<P><STRONG><a name="[6e]"></a>VBAT0_IRQHandler</STRONG> (Thumb, 4 bytes, Stack size unknown bytes, startup_mcxn947_cm33_core0.o(.text))
<BR>[Address Reference Count : 1]<UL><LI> startup_mcxn947_cm33_core0.o(.isr_vector)
</UL>
<P><STRONG><a name="[6f]"></a>EWM0_IRQHandler</STRONG> (Thumb, 4 bytes, Stack size unknown bytes, startup_mcxn947_cm33_core0.o(.text))
<BR>[Address Reference Count : 1]<UL><LI> startup_mcxn947_cm33_core0.o(.isr_vector)
</UL>
<P><STRONG><a name="[70]"></a>TSI_END_OF_SCAN_IRQHandler</STRONG> (Thumb, 4 bytes, Stack size unknown bytes, startup_mcxn947_cm33_core0.o(.text))
<BR>[Address Reference Count : 1]<UL><LI> startup_mcxn947_cm33_core0.o(.isr_vector)
</UL>
<P><STRONG><a name="[71]"></a>TSI_OUT_OF_SCAN_IRQHandler</STRONG> (Thumb, 4 bytes, Stack size unknown bytes, startup_mcxn947_cm33_core0.o(.text))
<BR>[Address Reference Count : 1]<UL><LI> startup_mcxn947_cm33_core0.o(.isr_vector)
</UL>
<P><STRONG><a name="[72]"></a>EMVSIM0_IRQHandler</STRONG> (Thumb, 4 bytes, Stack size unknown bytes, startup_mcxn947_cm33_core0.o(.text))
<BR>[Address Reference Count : 1]<UL><LI> startup_mcxn947_cm33_core0.o(.isr_vector)
</UL>
<P><STRONG><a name="[73]"></a>EMVSIM1_IRQHandler</STRONG> (Thumb, 4 bytes, Stack size unknown bytes, startup_mcxn947_cm33_core0.o(.text))
<BR>[Address Reference Count : 1]<UL><LI> startup_mcxn947_cm33_core0.o(.isr_vector)
</UL>
<P><STRONG><a name="[74]"></a>FLEXIO_IRQHandler</STRONG> (Thumb, 4 bytes, Stack size unknown bytes, startup_mcxn947_cm33_core0.o(.text))
<BR>[Address Reference Count : 1]<UL><LI> startup_mcxn947_cm33_core0.o(.isr_vector)
</UL>
<P><STRONG><a name="[75]"></a>DAC0_IRQHandler</STRONG> (Thumb, 4 bytes, Stack size unknown bytes, startup_mcxn947_cm33_core0.o(.text))
<BR>[Address Reference Count : 1]<UL><LI> startup_mcxn947_cm33_core0.o(.isr_vector)
</UL>
<P><STRONG><a name="[76]"></a>DAC1_IRQHandler</STRONG> (Thumb, 4 bytes, Stack size unknown bytes, startup_mcxn947_cm33_core0.o(.text))
<BR>[Address Reference Count : 1]<UL><LI> startup_mcxn947_cm33_core0.o(.isr_vector)
</UL>
<P><STRONG><a name="[77]"></a>DAC2_IRQHandler</STRONG> (Thumb, 4 bytes, Stack size unknown bytes, startup_mcxn947_cm33_core0.o(.text))
<BR>[Address Reference Count : 1]<UL><LI> startup_mcxn947_cm33_core0.o(.isr_vector)
</UL>
<P><STRONG><a name="[78]"></a>HSCMP0_IRQHandler</STRONG> (Thumb, 4 bytes, Stack size unknown bytes, startup_mcxn947_cm33_core0.o(.text))
<BR>[Address Reference Count : 1]<UL><LI> startup_mcxn947_cm33_core0.o(.isr_vector)
</UL>
<P><STRONG><a name="[79]"></a>HSCMP1_IRQHandler</STRONG> (Thumb, 4 bytes, Stack size unknown bytes, startup_mcxn947_cm33_core0.o(.text))
<BR>[Address Reference Count : 1]<UL><LI> startup_mcxn947_cm33_core0.o(.isr_vector)
</UL>
<P><STRONG><a name="[7a]"></a>HSCMP2_IRQHandler</STRONG> (Thumb, 4 bytes, Stack size unknown bytes, startup_mcxn947_cm33_core0.o(.text))
<BR>[Address Reference Count : 1]<UL><LI> startup_mcxn947_cm33_core0.o(.isr_vector)
</UL>
<P><STRONG><a name="[7b]"></a>FLEXPWM0_RELOAD_ERROR_IRQHandler</STRONG> (Thumb, 4 bytes, Stack size unknown bytes, startup_mcxn947_cm33_core0.o(.text))
<BR>[Address Reference Count : 1]<UL><LI> startup_mcxn947_cm33_core0.o(.isr_vector)
</UL>
<P><STRONG><a name="[7c]"></a>FLEXPWM0_FAULT_IRQHandler</STRONG> (Thumb, 4 bytes, Stack size unknown bytes, startup_mcxn947_cm33_core0.o(.text))
<BR>[Address Reference Count : 1]<UL><LI> startup_mcxn947_cm33_core0.o(.isr_vector)
</UL>
<P><STRONG><a name="[7d]"></a>FLEXPWM0_SUBMODULE0_IRQHandler</STRONG> (Thumb, 4 bytes, Stack size unknown bytes, startup_mcxn947_cm33_core0.o(.text))
<BR>[Address Reference Count : 1]<UL><LI> startup_mcxn947_cm33_core0.o(.isr_vector)
</UL>
<P><STRONG><a name="[7e]"></a>FLEXPWM0_SUBMODULE1_IRQHandler</STRONG> (Thumb, 4 bytes, Stack size unknown bytes, startup_mcxn947_cm33_core0.o(.text))
<BR>[Address Reference Count : 1]<UL><LI> startup_mcxn947_cm33_core0.o(.isr_vector)
</UL>
<P><STRONG><a name="[7f]"></a>FLEXPWM0_SUBMODULE2_IRQHandler</STRONG> (Thumb, 4 bytes, Stack size unknown bytes, startup_mcxn947_cm33_core0.o(.text))
<BR>[Address Reference Count : 1]<UL><LI> startup_mcxn947_cm33_core0.o(.isr_vector)
</UL>
<P><STRONG><a name="[80]"></a>FLEXPWM0_SUBMODULE3_IRQHandler</STRONG> (Thumb, 4 bytes, Stack size unknown bytes, startup_mcxn947_cm33_core0.o(.text))
<BR>[Address Reference Count : 1]<UL><LI> startup_mcxn947_cm33_core0.o(.isr_vector)
</UL>
<P><STRONG><a name="[81]"></a>FLEXPWM1_RELOAD_ERROR_IRQHandler</STRONG> (Thumb, 4 bytes, Stack size unknown bytes, startup_mcxn947_cm33_core0.o(.text))
<BR>[Address Reference Count : 1]<UL><LI> startup_mcxn947_cm33_core0.o(.isr_vector)
</UL>
<P><STRONG><a name="[82]"></a>FLEXPWM1_FAULT_IRQHandler</STRONG> (Thumb, 4 bytes, Stack size unknown bytes, startup_mcxn947_cm33_core0.o(.text))
<BR>[Address Reference Count : 1]<UL><LI> startup_mcxn947_cm33_core0.o(.isr_vector)
</UL>
<P><STRONG><a name="[83]"></a>FLEXPWM1_SUBMODULE0_IRQHandler</STRONG> (Thumb, 4 bytes, Stack size unknown bytes, startup_mcxn947_cm33_core0.o(.text))
<BR>[Address Reference Count : 1]<UL><LI> startup_mcxn947_cm33_core0.o(.isr_vector)
</UL>
<P><STRONG><a name="[84]"></a>FLEXPWM1_SUBMODULE1_IRQHandler</STRONG> (Thumb, 4 bytes, Stack size unknown bytes, startup_mcxn947_cm33_core0.o(.text))
<BR>[Address Reference Count : 1]<UL><LI> startup_mcxn947_cm33_core0.o(.isr_vector)
</UL>
<P><STRONG><a name="[85]"></a>FLEXPWM1_SUBMODULE2_IRQHandler</STRONG> (Thumb, 4 bytes, Stack size unknown bytes, startup_mcxn947_cm33_core0.o(.text))
<BR>[Address Reference Count : 1]<UL><LI> startup_mcxn947_cm33_core0.o(.isr_vector)
</UL>
<P><STRONG><a name="[86]"></a>FLEXPWM1_SUBMODULE3_IRQHandler</STRONG> (Thumb, 4 bytes, Stack size unknown bytes, startup_mcxn947_cm33_core0.o(.text))
<BR>[Address Reference Count : 1]<UL><LI> startup_mcxn947_cm33_core0.o(.isr_vector)
</UL>
<P><STRONG><a name="[87]"></a>ENC0_COMPARE_IRQHandler</STRONG> (Thumb, 4 bytes, Stack size unknown bytes, startup_mcxn947_cm33_core0.o(.text))
<BR>[Address Reference Count : 1]<UL><LI> startup_mcxn947_cm33_core0.o(.isr_vector)
</UL>
<P><STRONG><a name="[88]"></a>ENC0_HOME_IRQHandler</STRONG> (Thumb, 4 bytes, Stack size unknown bytes, startup_mcxn947_cm33_core0.o(.text))
<BR>[Address Reference Count : 1]<UL><LI> startup_mcxn947_cm33_core0.o(.isr_vector)
</UL>
<P><STRONG><a name="[89]"></a>ENC0_WDG_SAB_IRQHandler</STRONG> (Thumb, 4 bytes, Stack size unknown bytes, startup_mcxn947_cm33_core0.o(.text))
<BR>[Address Reference Count : 1]<UL><LI> startup_mcxn947_cm33_core0.o(.isr_vector)
</UL>
<P><STRONG><a name="[8a]"></a>ENC0_IDX_IRQHandler</STRONG> (Thumb, 4 bytes, Stack size unknown bytes, startup_mcxn947_cm33_core0.o(.text))
<BR>[Address Reference Count : 1]<UL><LI> startup_mcxn947_cm33_core0.o(.isr_vector)
</UL>
<P><STRONG><a name="[8b]"></a>ENC1_COMPARE_IRQHandler</STRONG> (Thumb, 4 bytes, Stack size unknown bytes, startup_mcxn947_cm33_core0.o(.text))
<BR>[Address Reference Count : 1]<UL><LI> startup_mcxn947_cm33_core0.o(.isr_vector)
</UL>
<P><STRONG><a name="[8c]"></a>ENC1_HOME_IRQHandler</STRONG> (Thumb, 4 bytes, Stack size unknown bytes, startup_mcxn947_cm33_core0.o(.text))
<BR>[Address Reference Count : 1]<UL><LI> startup_mcxn947_cm33_core0.o(.isr_vector)
</UL>
<P><STRONG><a name="[8d]"></a>ENC1_WDG_SAB_IRQHandler</STRONG> (Thumb, 4 bytes, Stack size unknown bytes, startup_mcxn947_cm33_core0.o(.text))
<BR>[Address Reference Count : 1]<UL><LI> startup_mcxn947_cm33_core0.o(.isr_vector)
</UL>
<P><STRONG><a name="[8e]"></a>ENC1_IDX_IRQHandler</STRONG> (Thumb, 4 bytes, Stack size unknown bytes, startup_mcxn947_cm33_core0.o(.text))
<BR>[Address Reference Count : 1]<UL><LI> startup_mcxn947_cm33_core0.o(.isr_vector)
</UL>
<P><STRONG><a name="[8f]"></a>ITRC0_IRQHandler</STRONG> (Thumb, 4 bytes, Stack size unknown bytes, startup_mcxn947_cm33_core0.o(.text))
<BR>[Address Reference Count : 1]<UL><LI> startup_mcxn947_cm33_core0.o(.isr_vector)
</UL>
<P><STRONG><a name="[90]"></a>BSP32_IRQHandler</STRONG> (Thumb, 4 bytes, Stack size unknown bytes, startup_mcxn947_cm33_core0.o(.text))
<BR>[Address Reference Count : 1]<UL><LI> startup_mcxn947_cm33_core0.o(.isr_vector)
</UL>
<P><STRONG><a name="[91]"></a>ELS_ERR_IRQHandler</STRONG> (Thumb, 4 bytes, Stack size unknown bytes, startup_mcxn947_cm33_core0.o(.text))
<BR>[Address Reference Count : 1]<UL><LI> startup_mcxn947_cm33_core0.o(.isr_vector)
</UL>
<P><STRONG><a name="[92]"></a>PKC_ERR_IRQHandler</STRONG> (Thumb, 4 bytes, Stack size unknown bytes, startup_mcxn947_cm33_core0.o(.text))
<BR>[Address Reference Count : 1]<UL><LI> startup_mcxn947_cm33_core0.o(.isr_vector)
</UL>
<P><STRONG><a name="[93]"></a>ERM_SINGLE_BIT_ERROR_IRQHandler</STRONG> (Thumb, 4 bytes, Stack size unknown bytes, startup_mcxn947_cm33_core0.o(.text))
<BR>[Address Reference Count : 1]<UL><LI> startup_mcxn947_cm33_core0.o(.isr_vector)
</UL>
<P><STRONG><a name="[94]"></a>ERM_MULTI_BIT_ERROR_IRQHandler</STRONG> (Thumb, 4 bytes, Stack size unknown bytes, startup_mcxn947_cm33_core0.o(.text))
<BR>[Address Reference Count : 1]<UL><LI> startup_mcxn947_cm33_core0.o(.isr_vector)
</UL>
<P><STRONG><a name="[95]"></a>FMU0_IRQHandler</STRONG> (Thumb, 4 bytes, Stack size unknown bytes, startup_mcxn947_cm33_core0.o(.text))
<BR>[Address Reference Count : 1]<UL><LI> startup_mcxn947_cm33_core0.o(.isr_vector)
</UL>
<P><STRONG><a name="[96]"></a>ETHERNET_IRQHandler</STRONG> (Thumb, 4 bytes, Stack size unknown bytes, startup_mcxn947_cm33_core0.o(.text))
<BR>[Address Reference Count : 1]<UL><LI> startup_mcxn947_cm33_core0.o(.isr_vector)
</UL>
<P><STRONG><a name="[97]"></a>ETHERNET_PMT_IRQHandler</STRONG> (Thumb, 4 bytes, Stack size unknown bytes, startup_mcxn947_cm33_core0.o(.text))
<BR>[Address Reference Count : 1]<UL><LI> startup_mcxn947_cm33_core0.o(.isr_vector)
</UL>
<P><STRONG><a name="[98]"></a>ETHERNET_MACLP_IRQHandler</STRONG> (Thumb, 4 bytes, Stack size unknown bytes, startup_mcxn947_cm33_core0.o(.text))
<BR>[Address Reference Count : 1]<UL><LI> startup_mcxn947_cm33_core0.o(.isr_vector)
</UL>
<P><STRONG><a name="[99]"></a>SINC_FILTER_IRQHandler</STRONG> (Thumb, 4 bytes, Stack size unknown bytes, startup_mcxn947_cm33_core0.o(.text))
<BR>[Address Reference Count : 1]<UL><LI> startup_mcxn947_cm33_core0.o(.isr_vector)
</UL>
<P><STRONG><a name="[9a]"></a>LPTMR0_IRQHandler</STRONG> (Thumb, 4 bytes, Stack size unknown bytes, startup_mcxn947_cm33_core0.o(.text))
<BR>[Address Reference Count : 1]<UL><LI> startup_mcxn947_cm33_core0.o(.isr_vector)
</UL>
<P><STRONG><a name="[9b]"></a>LPTMR1_IRQHandler</STRONG> (Thumb, 4 bytes, Stack size unknown bytes, startup_mcxn947_cm33_core0.o(.text))
<BR>[Address Reference Count : 1]<UL><LI> startup_mcxn947_cm33_core0.o(.isr_vector)
</UL>
<P><STRONG><a name="[9c]"></a>SCG_IRQHandler</STRONG> (Thumb, 4 bytes, Stack size unknown bytes, startup_mcxn947_cm33_core0.o(.text))
<BR>[Address Reference Count : 1]<UL><LI> startup_mcxn947_cm33_core0.o(.isr_vector)
</UL>
<P><STRONG><a name="[9d]"></a>SPC_IRQHandler</STRONG> (Thumb, 4 bytes, Stack size unknown bytes, startup_mcxn947_cm33_core0.o(.text))
<BR>[Address Reference Count : 1]<UL><LI> startup_mcxn947_cm33_core0.o(.isr_vector)
</UL>
<P><STRONG><a name="[9e]"></a>WUU_IRQHandler</STRONG> (Thumb, 4 bytes, Stack size unknown bytes, startup_mcxn947_cm33_core0.o(.text))
<BR>[Address Reference Count : 1]<UL><LI> startup_mcxn947_cm33_core0.o(.isr_vector)
</UL>
<P><STRONG><a name="[9f]"></a>PORT_EFT_IRQHandler</STRONG> (Thumb, 4 bytes, Stack size unknown bytes, startup_mcxn947_cm33_core0.o(.text))
<BR>[Address Reference Count : 1]<UL><LI> startup_mcxn947_cm33_core0.o(.isr_vector)
</UL>
<P><STRONG><a name="[a0]"></a>ETB0_IRQHandler</STRONG> (Thumb, 4 bytes, Stack size unknown bytes, startup_mcxn947_cm33_core0.o(.text))
<BR>[Address Reference Count : 1]<UL><LI> startup_mcxn947_cm33_core0.o(.isr_vector)
</UL>
<P><STRONG><a name="[a1]"></a>SM3_IRQHandler</STRONG> (Thumb, 4 bytes, Stack size unknown bytes, startup_mcxn947_cm33_core0.o(.text))
<BR>[Address Reference Count : 1]<UL><LI> startup_mcxn947_cm33_core0.o(.isr_vector)
</UL>
<P><STRONG><a name="[a2]"></a>TRNG0_IRQHandler</STRONG> (Thumb, 4 bytes, Stack size unknown bytes, startup_mcxn947_cm33_core0.o(.text))
<BR>[Address Reference Count : 1]<UL><LI> startup_mcxn947_cm33_core0.o(.isr_vector)
</UL>
<P><STRONG><a name="[a3]"></a>WWDT0_IRQHandler</STRONG> (Thumb, 4 bytes, Stack size unknown bytes, startup_mcxn947_cm33_core0.o(.text))
<BR>[Address Reference Count : 1]<UL><LI> startup_mcxn947_cm33_core0.o(.isr_vector)
</UL>
<P><STRONG><a name="[a4]"></a>WWDT1_IRQHandler</STRONG> (Thumb, 4 bytes, Stack size unknown bytes, startup_mcxn947_cm33_core0.o(.text))
<BR>[Address Reference Count : 1]<UL><LI> startup_mcxn947_cm33_core0.o(.isr_vector)
</UL>
<P><STRONG><a name="[a5]"></a>CMC0_IRQHandler</STRONG> (Thumb, 4 bytes, Stack size unknown bytes, startup_mcxn947_cm33_core0.o(.text))
<BR>[Address Reference Count : 1]<UL><LI> startup_mcxn947_cm33_core0.o(.isr_vector)
</UL>
<P><STRONG><a name="[a6]"></a>CTI0_IRQHandler</STRONG> (Thumb, 4 bytes, Stack size unknown bytes, startup_mcxn947_cm33_core0.o(.text))
<BR>[Address Reference Count : 1]<UL><LI> startup_mcxn947_cm33_core0.o(.isr_vector)
</UL>
<P><STRONG><a name="[148]"></a>__scatterload</STRONG> (Thumb, 28 bytes, Stack size 0 bytes, init.o(.text))
<BR><BR>[Calls]<UL><LI><a href="#[149]">&gt;&gt;</a>&nbsp;&nbsp;&nbsp;__main_after_scatterload
</UL>
<BR>[Called By]<UL><LI><a href="#[147]">&gt;&gt;</a>&nbsp;&nbsp;&nbsp;_main_scatterload
</UL>

<P><STRONG><a name="[151]"></a>__scatterload_rt2</STRONG> (Thumb, 0 bytes, Stack size 0 bytes, init.o(.text), UNUSED)

<P><STRONG><a name="[a8]"></a>SystemInit</STRONG> (Thumb, 62 bytes, Stack size 0 bytes, system_mcxn947_cm33_core0.o(.text.SystemInit))
<BR><BR>[Calls]<UL><LI><a href="#[14a]">&gt;&gt;</a>&nbsp;&nbsp;&nbsp;SystemInitHook
</UL>
<BR>[Address Reference Count : 1]<UL><LI> startup_mcxn947_cm33_core0.o(.text)
</UL>
<P><STRONG><a name="[14a]"></a>SystemInitHook</STRONG> (Thumb, 2 bytes, Stack size 0 bytes, system_mcxn947_cm33_core0.o(.text.SystemInitHook))
<BR><BR>[Called By]<UL><LI><a href="#[a8]">&gt;&gt;</a>&nbsp;&nbsp;&nbsp;SystemInit
</UL>

<P><STRONG><a name="[a7]"></a>main</STRONG> (Thumb, 2 bytes, Stack size 0 bytes, ezh_camera.o(.text.main))
<BR><BR>[Calls]<UL><LI><a href="#[a7]">&gt;&gt;</a>&nbsp;&nbsp;&nbsp;main
</UL>
<BR>[Called By]<UL><LI><a href="#[a7]">&gt;&gt;</a>&nbsp;&nbsp;&nbsp;main
</UL>
<BR>[Address Reference Count : 1]<UL><LI> entry9a.o(.ARM.Collect$$$$0000000B)
</UL>
<P><STRONG><a name="[152]"></a>__scatterload_copy</STRONG> (Thumb, 14 bytes, Stack size unknown bytes, handlers.o(i.__scatterload_copy), UNUSED)

<P><STRONG><a name="[153]"></a>__scatterload_null</STRONG> (Thumb, 2 bytes, Stack size unknown bytes, handlers.o(i.__scatterload_null), UNUSED)

<P><STRONG><a name="[154]"></a>__scatterload_zeroinit</STRONG> (Thumb, 14 bytes, Stack size unknown bytes, handlers.o(i.__scatterload_zeroinit), UNUSED)
<P>
<H3>
Local Symbols
</H3><P>
<H3>
Undefined Global Symbols
</H3><HR></body></html>
